Archive member included to satisfy reference by file (symbol)

/usr/lib/gcc/arm-none-eabi/10.3.1/thumb/v6-m/nofp/libgcc.a(_dvmd_tls.o)
                              CMakeFiles/build-hex-files.dir/home/mgraham/sdmay24-33/emulator/pico-sdk/src/rp2_common/pico_divider/divider.S.obj (__aeabi_idiv0)
/usr/lib/gcc/arm-none-eabi/10.3.1/../../../arm-none-eabi/lib/thumb/v6-m/nofp/libg.a(lib_a-atexit.o)
                              /usr/lib/gcc/arm-none-eabi/10.3.1/../../../arm-none-eabi/lib/thumb/v6-m/nofp/crt0.o (atexit)
/usr/lib/gcc/arm-none-eabi/10.3.1/../../../arm-none-eabi/lib/thumb/v6-m/nofp/libg.a(lib_a-calloc.o)
                              CMakeFiles/build-hex-files.dir/home/mgraham/sdmay24-33/emulator/pico-sdk/src/rp2_common/pico_malloc/pico_malloc.c.obj (calloc)
/usr/lib/gcc/arm-none-eabi/10.3.1/../../../arm-none-eabi/lib/thumb/v6-m/nofp/libg.a(lib_a-callocr.o)
                              /usr/lib/gcc/arm-none-eabi/10.3.1/../../../arm-none-eabi/lib/thumb/v6-m/nofp/libg.a(lib_a-calloc.o) (_calloc_r)
/usr/lib/gcc/arm-none-eabi/10.3.1/../../../arm-none-eabi/lib/thumb/v6-m/nofp/libg.a(lib_a-fini.o)
                              /usr/lib/gcc/arm-none-eabi/10.3.1/../../../arm-none-eabi/lib/thumb/v6-m/nofp/crt0.o (__libc_fini_array)
/usr/lib/gcc/arm-none-eabi/10.3.1/../../../arm-none-eabi/lib/thumb/v6-m/nofp/libg.a(lib_a-impure.o)
                              /usr/lib/gcc/arm-none-eabi/10.3.1/../../../arm-none-eabi/lib/thumb/v6-m/nofp/libg.a(lib_a-calloc.o) (_impure_ptr)
/usr/lib/gcc/arm-none-eabi/10.3.1/../../../arm-none-eabi/lib/thumb/v6-m/nofp/libg.a(lib_a-init.o)
                              /usr/lib/gcc/arm-none-eabi/10.3.1/../../../arm-none-eabi/lib/thumb/v6-m/nofp/crt0.o (__libc_init_array)
/usr/lib/gcc/arm-none-eabi/10.3.1/../../../arm-none-eabi/lib/thumb/v6-m/nofp/libg.a(lib_a-malloc.o)
                              CMakeFiles/build-hex-files.dir/home/mgraham/sdmay24-33/emulator/pico-sdk/src/rp2_common/pico_malloc/pico_malloc.c.obj (malloc)
/usr/lib/gcc/arm-none-eabi/10.3.1/../../../arm-none-eabi/lib/thumb/v6-m/nofp/libg.a(lib_a-mallocr.o)
                              /usr/lib/gcc/arm-none-eabi/10.3.1/../../../arm-none-eabi/lib/thumb/v6-m/nofp/libg.a(lib_a-callocr.o) (_malloc_r)
/usr/lib/gcc/arm-none-eabi/10.3.1/../../../arm-none-eabi/lib/thumb/v6-m/nofp/libg.a(lib_a-mlock.o)
                              /usr/lib/gcc/arm-none-eabi/10.3.1/../../../arm-none-eabi/lib/thumb/v6-m/nofp/libg.a(lib_a-mallocr.o) (__malloc_lock)
/usr/lib/gcc/arm-none-eabi/10.3.1/../../../arm-none-eabi/lib/thumb/v6-m/nofp/libg.a(lib_a-realloc.o)
                              CMakeFiles/build-hex-files.dir/home/mgraham/sdmay24-33/emulator/pico-sdk/src/rp2_common/pico_malloc/pico_malloc.c.obj (realloc)
/usr/lib/gcc/arm-none-eabi/10.3.1/../../../arm-none-eabi/lib/thumb/v6-m/nofp/libg.a(lib_a-reallocr.o)
                              /usr/lib/gcc/arm-none-eabi/10.3.1/../../../arm-none-eabi/lib/thumb/v6-m/nofp/libg.a(lib_a-realloc.o) (_realloc_r)
/usr/lib/gcc/arm-none-eabi/10.3.1/../../../arm-none-eabi/lib/thumb/v6-m/nofp/libg.a(lib_a-sbrkr.o)
                              /usr/lib/gcc/arm-none-eabi/10.3.1/../../../arm-none-eabi/lib/thumb/v6-m/nofp/libg.a(lib_a-mallocr.o) (_sbrk_r)
/usr/lib/gcc/arm-none-eabi/10.3.1/../../../arm-none-eabi/lib/thumb/v6-m/nofp/libg.a(lib_a-strlen-stub.o)
                              CMakeFiles/build-hex-files.dir/home/mgraham/sdmay24-33/emulator/pico-sdk/src/rp2_common/pico_stdio/stdio.c.obj (strlen)
/usr/lib/gcc/arm-none-eabi/10.3.1/../../../arm-none-eabi/lib/thumb/v6-m/nofp/libg.a(lib_a-__atexit.o)
                              /usr/lib/gcc/arm-none-eabi/10.3.1/../../../arm-none-eabi/lib/thumb/v6-m/nofp/libg.a(lib_a-atexit.o) (__register_exitproc)
/usr/lib/gcc/arm-none-eabi/10.3.1/../../../arm-none-eabi/lib/thumb/v6-m/nofp/libg.a(lib_a-freer.o)
                              /usr/lib/gcc/arm-none-eabi/10.3.1/../../../arm-none-eabi/lib/thumb/v6-m/nofp/libg.a(lib_a-malloc.o) (_free_r)
/usr/lib/gcc/arm-none-eabi/10.3.1/../../../arm-none-eabi/lib/thumb/v6-m/nofp/libg.a(lib_a-memmove.o)
                              /usr/lib/gcc/arm-none-eabi/10.3.1/../../../arm-none-eabi/lib/thumb/v6-m/nofp/libg.a(lib_a-reallocr.o) (memmove)
/usr/lib/gcc/arm-none-eabi/10.3.1/../../../arm-none-eabi/lib/thumb/v6-m/nofp/libg.a(lib_a-reent.o)
                              /usr/lib/gcc/arm-none-eabi/10.3.1/../../../arm-none-eabi/lib/thumb/v6-m/nofp/libg.a(lib_a-sbrkr.o) (errno)

Discarded input sections

 .text          0x0000000000000000        0x0 /usr/lib/gcc/arm-none-eabi/10.3.1/thumb/v6-m/nofp/crti.o
 .data          0x0000000000000000        0x0 /usr/lib/gcc/arm-none-eabi/10.3.1/thumb/v6-m/nofp/crti.o
 .bss           0x0000000000000000        0x0 /usr/lib/gcc/arm-none-eabi/10.3.1/thumb/v6-m/nofp/crti.o
 .data          0x0000000000000000        0x4 /usr/lib/gcc/arm-none-eabi/10.3.1/thumb/v6-m/nofp/crtbegin.o
 .rodata        0x0000000000000000       0x24 /usr/lib/gcc/arm-none-eabi/10.3.1/thumb/v6-m/nofp/crtbegin.o
[...]
Memory Configuration

Name             Origin             Length             Attributes
FLASH            0x0000000010000000 0x0000000000200000 xr
RAM              0x0000000020000000 0x0000000000040000 xrw
SCRATCH_X        0x0000000020040000 0x0000000000001000 xrw
SCRATCH_Y        0x0000000020041000 0x0000000000001000 xrw
*default*        0x0000000000000000 0xffffffffffffffff

Linker script and memory map

LOAD /usr/lib/gcc/arm-none-eabi/10.3.1/thumb/v6-m/nofp/crti.o
LOAD /usr/lib/gcc/arm-none-eabi/10.3.1/thumb/v6-m/nofp/crtbegin.o
LOAD /usr/lib/gcc/arm-none-eabi/10.3.1/../../../arm-none-eabi/lib/thumb/v6-m/nofp/crt0.o

.flash_begin    0x0000000010000000        0x0
                0x0000000010000000                __flash_binary_start = .

.boot2          0x0000000010000000      0x100
                0x0000000010000000                __boot2_start__ = .
 *(.boot2)
 .boot2         0x0000000010000000      0x100 /tmp/ccKfBfrk.o
                0x0000000010000100                __boot2_end__ = .
                0x0000000000000001                ASSERT (((__boot2_end__ - __boot2_start__) == 0x100), ERROR: Pico second stage bootloader must be 256 bytes in size)

.text           0x0000000010000100     0x4008
                0x0000000010000100                __logical_binary_start = .
 *(.vectors)
 .vectors       0x0000000010000100       0xd4 CMakeFiles/build-hex-files.dir/home/mgraham/sdmay24-33/emulator/pico-sdk/src/rp2_common/pico_standard_link/crt0.S.obj
                0x0000000010000100                __vectors
                0x0000000010000100                __VECTOR_TABLE
                0x00000000100001c0                isr_invalid
                0x00000000100001c0                __default_isrs_start
                0x00000000100001c2                isr_nmi
                0x00000000100001c4                isr_hardfault
                0x00000000100001c6                isr_svcall
                0x00000000100001c8                isr_pendsv
                0x00000000100001ca                isr_systick
                0x00000000100001cc                isr_irq30
                0x00000000100001cc                __unhandled_user_irq
                0x00000000100001cc                isr_irq13
                0x00000000100001cc                isr_irq27
                0x00000000100001cc                isr_irq31
                0x00000000100001cc                isr_irq5
                0x00000000100001cc                isr_irq11
                0x00000000100001cc                isr_irq23
                0x00000000100001cc                isr_irq18
                0x00000000100001cc                isr_irq28
                0x00000000100001cc                isr_irq19
                0x00000000100001cc                isr_irq0
                0x00000000100001cc                isr_irq6
                0x00000000100001cc                isr_irq22
                0x00000000100001cc                isr_irq17
                0x00000000100001cc                isr_irq14
                0x00000000100001cc                isr_irq2
                0x00000000100001cc                isr_irq10
                0x00000000100001cc                isr_irq8
                0x00000000100001cc                isr_irq24
                0x00000000100001cc                isr_irq1
                0x00000000100001cc                isr_irq7
                0x00000000100001cc                isr_irq21
                0x00000000100001cc                isr_irq20
                0x00000000100001cc                isr_irq15
                0x00000000100001cc                isr_irq25
                0x00000000100001cc                isr_irq4
                0x00000000100001cc                isr_irq16
                0x00000000100001cc                isr_irq29
                0x00000000100001cc                isr_irq26
                0x00000000100001cc                __default_isrs_end
                0x00000000100001cc                isr_irq3
                0x00000000100001cc                isr_irq12
                0x00000000100001cc                isr_irq9
                0x00000000100001d2                unhandled_user_irq_num_in_r0
 *(.binary_info_header)
 .binary_info_header
                0x00000000100001d4       0x14 CMakeFiles/build-hex-files.dir/home/mgraham/sdmay24-33/emulator/pico-sdk/src/rp2_common/pico_standard_link/crt0.S.obj
                0x00000000100001e8                __binary_info_header_end = .
 *(.reset)
 .reset         0x00000000100001e8       0xa0 CMakeFiles/build-hex-files.dir/home/mgraham/sdmay24-33/emulator/pico-sdk/src/rp2_common/pico_standard_link/crt0.S.obj
                0x00000000100001e8                _entry_point
 .reset         0x0000000010000288       0x30 CMakeFiles/build-hex-files.dir/home/mgraham/sdmay24-33/emulator/pico-sdk/src/rp2_common/pico_standard_link/binary_info.c.obj
 *(.init)
 .init          0x00000000100002b8        0x4 /usr/lib/gcc/arm-none-eabi/10.3.1/thumb/v6-m/nofp/crti.o
                0x00000000100002b8                _init
 *(EXCLUDE_FILE(*libm.a: *libc.a:*lib_a-mem*.o *libgcc.a:) .text*)
 .text          0x00000000100002bc       0x98 /usr/lib/gcc/arm-none-eabi/10.3.1/thumb/v6-m/nofp/crtbegin.o
 .text.main     0x0000000010000354       0x38 CMakeFiles/build-hex-files.dir/build-hex-files.c.obj
                0x0000000010000354                main
 .text.running_on_fpga
                0x000000001000038c       0x14 CMakeFiles/build-hex-files.dir/home/mgraham/sdmay24-33/emulator/pico-sdk/src/rp2_common/pico_platform/platform.c.obj
                0x000000001000038c                running_on_fpga
 .text.hw_claim_lock
                0x00000000100003a0       0x18 CMakeFiles/build-hex-files.dir/home/mgraham/sdmay24-33/emulator/pico-sdk/src/rp2_common/hardware_claim/claim.c.obj
                0x00000000100003a0                hw_claim_lock
 .text.hw_claim_unlock
                0x00000000100003b8       0x14 CMakeFiles/build-hex-files.dir/home/mgraham/sdmay24-33/emulator/pico-sdk/src/rp2_common/hardware_claim/claim.c.obj
                0x00000000100003b8                hw_claim_unlock
 .text.hw_claim_or_assert
                0x00000000100003cc       0x32 CMakeFiles/build-hex-files.dir/home/mgraham/sdmay24-33/emulator/pico-sdk/src/rp2_common/hardware_claim/claim.c.obj
                0x00000000100003cc                hw_claim_or_assert
 *fill*         0x00000000100003fe        0x2 
 .text.spin_locks_reset
                0x0000000010000400       0x20 CMakeFiles/build-hex-files.dir/home/mgraham/sdmay24-33/emulator/pico-sdk/src/rp2_common/hardware_sync/sync.c.obj
                0x0000000010000400                spin_locks_reset
 .text.next_striped_spin_lock_num
                0x0000000010000420       0x1c CMakeFiles/build-hex-files.dir/home/mgraham/sdmay24-33/emulator/pico-sdk/src/rp2_common/hardware_sync/sync.c.obj
                0x0000000010000420                next_striped_spin_lock_num
 .text.set_raw_irq_handler_and_unlock
                0x000000001000043c       0x28 CMakeFiles/build-hex-files.dir/home/mgraham/sdmay24-33/emulator/pico-sdk/src/rp2_common/hardware_irq/irq.c.obj
 .text.make_branch
                0x0000000010000464       0x48 CMakeFiles/build-hex-files.dir/home/mgraham/sdmay24-33/emulator/pico-sdk/src/rp2_common/hardware_irq/irq.c.obj
 .text.insert_branch_and_link
                0x00000000100004ac       0x40 CMakeFiles/build-hex-files.dir/home/mgraham/sdmay24-33/emulator/pico-sdk/src/rp2_common/hardware_irq/irq.c.obj
 .text.irq_is_enabled
                0x00000000100004ec       0x18 CMakeFiles/build-hex-files.dir/home/mgraham/sdmay24-33/emulator/pico-sdk/src/rp2_common/hardware_irq/irq.c.obj
                0x00000000100004ec                irq_is_enabled
 .text.irq_set_mask_enabled
                0x0000000010000504       0x20 CMakeFiles/build-hex-files.dir/home/mgraham/sdmay24-33/emulator/pico-sdk/src/rp2_common/hardware_irq/irq.c.obj
                0x0000000010000504                irq_set_mask_enabled
 .text.irq_set_enabled
                0x0000000010000524        0xe CMakeFiles/build-hex-files.dir/home/mgraham/sdmay24-33/emulator/pico-sdk/src/rp2_common/hardware_irq/irq.c.obj
                0x0000000010000524                irq_set_enabled
 *fill*         0x0000000010000532        0x2 
 .text.irq_get_vtable_handler
                0x0000000010000534       0x10 CMakeFiles/build-hex-files.dir/home/mgraham/sdmay24-33/emulator/pico-sdk/src/rp2_common/hardware_irq/irq.c.obj
                0x0000000010000534                irq_get_vtable_handler
 .text.irq_set_exclusive_handler
                0x0000000010000544       0x54 CMakeFiles/build-hex-files.dir/home/mgraham/sdmay24-33/emulator/pico-sdk/src/rp2_common/hardware_irq/irq.c.obj
                0x0000000010000544                irq_set_exclusive_handler
 .text.irq_remove_handler
                0x0000000010000598      0x1ac CMakeFiles/build-hex-files.dir/home/mgraham/sdmay24-33/emulator/pico-sdk/src/rp2_common/hardware_irq/irq.c.obj
                0x0000000010000598                irq_remove_handler
 .text.irq_add_tail_to_free_list
                0x0000000010000744       0xf0 CMakeFiles/build-hex-files.dir/home/mgraham/sdmay24-33/emulator/pico-sdk/src/rp2_common/hardware_irq/irq.c.obj
                0x0000000010000744                irq_add_tail_to_free_list
 .text.irq_init_priorities
                0x0000000010000834       0x1c CMakeFiles/build-hex-files.dir/home/mgraham/sdmay24-33/emulator/pico-sdk/src/rp2_common/hardware_irq/irq.c.obj
                0x0000000010000834                irq_init_priorities
 .text.lock_init
                0x0000000010000850       0x10 CMakeFiles/build-hex-files.dir/home/mgraham/sdmay24-33/emulator/pico-sdk/src/common/pico_sync/lock_core.c.obj
                0x0000000010000850                lock_init
 .text.mutex_init
                0x0000000010000860       0x1a CMakeFiles/build-hex-files.dir/home/mgraham/sdmay24-33/emulator/pico-sdk/src/common/pico_sync/mutex.c.obj
                0x0000000010000860                mutex_init
 .text.recursive_mutex_init
                0x000000001000087a       0x1e CMakeFiles/build-hex-files.dir/home/mgraham/sdmay24-33/emulator/pico-sdk/src/common/pico_sync/mutex.c.obj
                0x000000001000087a                recursive_mutex_init
 .text.alarm_pool_post_alloc_init
                0x0000000010000898       0x40 CMakeFiles/build-hex-files.dir/home/mgraham/sdmay24-33/emulator/pico-sdk/src/common/pico_time/time.c.obj
 .text.sleep_until_callback
                0x00000000100008d8       0x30 CMakeFiles/build-hex-files.dir/home/mgraham/sdmay24-33/emulator/pico-sdk/src/common/pico_time/time.c.obj
 .text.timer_pool_entry_comparator
                0x0000000010000908       0x7c CMakeFiles/build-hex-files.dir/home/mgraham/sdmay24-33/emulator/pico-sdk/src/common/pico_time/time.c.obj
                0x0000000010000908                timer_pool_entry_comparator
 .text.ph_add_child_node
                0x0000000010000984       0xa4 CMakeFiles/build-hex-files.dir/home/mgraham/sdmay24-33/emulator/pico-sdk/src/common/pico_time/time.c.obj
 .text.ph_merge_nodes
                0x0000000010000a28       0x3e CMakeFiles/build-hex-files.dir/home/mgraham/sdmay24-33/emulator/pico-sdk/src/common/pico_time/time.c.obj
 *fill*         0x0000000010000a66        0x2 
 .text.add_alarm_under_lock
                0x0000000010000a68      0x174 CMakeFiles/build-hex-files.dir/home/mgraham/sdmay24-33/emulator/pico-sdk/src/common/pico_time/time.c.obj
 .text.alarm_pool_alarm_callback
                0x0000000010000bdc      0x33c CMakeFiles/build-hex-files.dir/home/mgraham/sdmay24-33/emulator/pico-sdk/src/common/pico_time/time.c.obj
 .text.alarm_pool_init_default
                0x0000000010000f18       0x40 CMakeFiles/build-hex-files.dir/home/mgraham/sdmay24-33/emulator/pico-sdk/src/common/pico_time/time.c.obj
                0x0000000010000f18                alarm_pool_init_default
 .text.alarm_pool_get_default
                0x0000000010000f58       0x2c CMakeFiles/build-hex-files.dir/home/mgraham/sdmay24-33/emulator/pico-sdk/src/common/pico_time/time.c.obj
                0x0000000010000f58                alarm_pool_get_default
 .text.alarm_pool_add_alarm_at
                0x0000000010000f84      0x168 CMakeFiles/build-hex-files.dir/home/mgraham/sdmay24-33/emulator/pico-sdk/src/common/pico_time/time.c.obj
                0x0000000010000f84                alarm_pool_add_alarm_at
 .text.alarm_pool_cancel_alarm
                0x00000000100010ec       0xf8 CMakeFiles/build-hex-files.dir/home/mgraham/sdmay24-33/emulator/pico-sdk/src/common/pico_time/time.c.obj
                0x00000000100010ec                alarm_pool_cancel_alarm
 .text.best_effort_wfe_or_timeout
                0x00000000100011e4       0xac CMakeFiles/build-hex-files.dir/home/mgraham/sdmay24-33/emulator/pico-sdk/src/common/pico_time/time.c.obj
                0x00000000100011e4                best_effort_wfe_or_timeout
 .text.hardware_alarm_irq_handler
                0x0000000010001290       0x90 CMakeFiles/build-hex-files.dir/home/mgraham/sdmay24-33/emulator/pico-sdk/src/rp2_common/hardware_timer/timer.c.obj
 .text.hardware_alarm_claim
                0x0000000010001320       0x18 CMakeFiles/build-hex-files.dir/home/mgraham/sdmay24-33/emulator/pico-sdk/src/rp2_common/hardware_timer/timer.c.obj
                0x0000000010001320                hardware_alarm_claim
 .text.time_us_64
                0x0000000010001338       0x18 CMakeFiles/build-hex-files.dir/home/mgraham/sdmay24-33/emulator/pico-sdk/src/rp2_common/hardware_timer/timer.c.obj
                0x0000000010001338                time_us_64
 .text.hardware_alarm_set_callback
                0x0000000010001350       0x90 CMakeFiles/build-hex-files.dir/home/mgraham/sdmay24-33/emulator/pico-sdk/src/rp2_common/hardware_timer/timer.c.obj
                0x0000000010001350                hardware_alarm_set_callback
 .text.hardware_alarm_set_target
                0x00000000100013e0       0xe8 CMakeFiles/build-hex-files.dir/home/mgraham/sdmay24-33/emulator/pico-sdk/src/rp2_common/hardware_timer/timer.c.obj
                0x00000000100013e0                hardware_alarm_set_target
 .text.hardware_alarm_cancel
                0x00000000100014c8       0x40 CMakeFiles/build-hex-files.dir/home/mgraham/sdmay24-33/emulator/pico-sdk/src/rp2_common/hardware_timer/timer.c.obj
                0x00000000100014c8                hardware_alarm_cancel
 .text.ph_add_child_node
                0x0000000010001508       0xa4 CMakeFiles/build-hex-files.dir/home/mgraham/sdmay24-33/emulator/pico-sdk/src/common/pico_util/pheap.c.obj
 .text.ph_merge_nodes
                0x00000000100015ac       0x3e CMakeFiles/build-hex-files.dir/home/mgraham/sdmay24-33/emulator/pico-sdk/src/common/pico_util/pheap.c.obj
 *fill*         0x00000000100015ea        0x2 
 .text.ph_clear
                0x00000000100015ec       0x70 CMakeFiles/build-hex-files.dir/home/mgraham/sdmay24-33/emulator/pico-sdk/src/common/pico_util/pheap.c.obj
                0x00000000100015ec                ph_clear
 .text.ph_post_alloc_init
                0x000000001000165c        0xe CMakeFiles/build-hex-files.dir/home/mgraham/sdmay24-33/emulator/pico-sdk/src/common/pico_util/pheap.c.obj
                0x000000001000165c                ph_post_alloc_init
 *fill*         0x000000001000166a        0x2 
 .text.ph_merge_two_pass
                0x000000001000166c       0xa8 CMakeFiles/build-hex-files.dir/home/mgraham/sdmay24-33/emulator/pico-sdk/src/common/pico_util/pheap.c.obj
                0x000000001000166c                ph_merge_two_pass
 .text.ph_remove_any_head
                0x0000000010001714      0x128 CMakeFiles/build-hex-files.dir/home/mgraham/sdmay24-33/emulator/pico-sdk/src/common/pico_util/pheap.c.obj
 .text.ph_remove_head
                0x000000001000183c       0x14 CMakeFiles/build-hex-files.dir/home/mgraham/sdmay24-33/emulator/pico-sdk/src/common/pico_util/pheap.c.obj
                0x000000001000183c                ph_remove_head
 .text.ph_remove_and_free_node
                0x0000000010001850       0xf8 CMakeFiles/build-hex-files.dir/home/mgraham/sdmay24-33/emulator/pico-sdk/src/common/pico_util/pheap.c.obj
                0x0000000010001850                ph_remove_and_free_node
 .text.clock_configure
                0x0000000010001948      0x108 CMakeFiles/build-hex-files.dir/home/mgraham/sdmay24-33/emulator/pico-sdk/src/rp2_common/hardware_clocks/clocks.c.obj
                0x0000000010001948                clock_configure
 .text.clocks_init
                0x0000000010001a50      0x100 CMakeFiles/build-hex-files.dir/home/mgraham/sdmay24-33/emulator/pico-sdk/src/rp2_common/hardware_clocks/clocks.c.obj
                0x0000000010001a50                clocks_init
 .text.pll_init
                0x0000000010001b50      0x120 CMakeFiles/build-hex-files.dir/home/mgraham/sdmay24-33/emulator/pico-sdk/src/rp2_common/hardware_pll/pll.c.obj
                0x0000000010001b50                pll_init
 .text.watchdog_start_tick
                0x0000000010001c70       0x10 CMakeFiles/build-hex-files.dir/home/mgraham/sdmay24-33/emulator/pico-sdk/src/rp2_common/hardware_watchdog/watchdog.c.obj
                0x0000000010001c70                watchdog_start_tick
 .text.xosc_init
                0x0000000010001c80       0x28 CMakeFiles/build-hex-files.dir/home/mgraham/sdmay24-33/emulator/pico-sdk/src/rp2_common/hardware_xosc/xosc.c.obj
                0x0000000010001c80                xosc_init
 .text._exit    0x0000000010001ca8        0x4 CMakeFiles/build-hex-files.dir/home/mgraham/sdmay24-33/emulator/pico-sdk/src/rp2_common/pico_runtime/runtime.c.obj
                0x0000000010001ca8                _exit
 .text.exit     0x0000000010001cac        0x6 CMakeFiles/build-hex-files.dir/home/mgraham/sdmay24-33/emulator/pico-sdk/src/rp2_common/pico_runtime/runtime.c.obj
                0x0000000010001cac                exit
 *fill*         0x0000000010001cb2        0x2 
 .text.__assert_func
                0x0000000010001cb4       0x3c CMakeFiles/build-hex-files.dir/home/mgraham/sdmay24-33/emulator/pico-sdk/src/rp2_common/pico_runtime/runtime.c.obj
                0x0000000010001cb4                __assert_func
 .text.runtime_init
                0x0000000010001cf0       0xf8 CMakeFiles/build-hex-files.dir/home/mgraham/sdmay24-33/emulator/pico-sdk/src/rp2_common/pico_runtime/runtime.c.obj
                0x0000000010001cf0                runtime_init
 .text.panic    0x0000000010001de8       0x30 CMakeFiles/build-hex-files.dir/home/mgraham/sdmay24-33/emulator/pico-sdk/src/rp2_common/pico_runtime/runtime.c.obj
                0x0000000010001de8                panic
 .text._out_null
                0x0000000010001e18        0x2 CMakeFiles/build-hex-files.dir/home/mgraham/sdmay24-33/emulator/pico-sdk/src/rp2_common/pico_printf/printf.c.obj
 .text._out_fct
                0x0000000010001e1a        0xe CMakeFiles/build-hex-files.dir/home/mgraham/sdmay24-33/emulator/pico-sdk/src/rp2_common/pico_printf/printf.c.obj
 .text._atoi    0x0000000010001e28       0x24 CMakeFiles/build-hex-files.dir/home/mgraham/sdmay24-33/emulator/pico-sdk/src/rp2_common/pico_printf/printf.c.obj
 .text._out_rev
                0x0000000010001e4c       0xae CMakeFiles/build-hex-files.dir/home/mgraham/sdmay24-33/emulator/pico-sdk/src/rp2_common/pico_printf/printf.c.obj
 .text._ntoa_format
                0x0000000010001efa      0x112 CMakeFiles/build-hex-files.dir/home/mgraham/sdmay24-33/emulator/pico-sdk/src/rp2_common/pico_printf/printf.c.obj
 .text._ntoa_long
                0x000000001000200c       0xbc CMakeFiles/build-hex-files.dir/home/mgraham/sdmay24-33/emulator/pico-sdk/src/rp2_common/pico_printf/printf.c.obj
 .text._ntoa_long_long
                0x00000000100020c8       0xe2 CMakeFiles/build-hex-files.dir/home/mgraham/sdmay24-33/emulator/pico-sdk/src/rp2_common/pico_printf/printf.c.obj
 *fill*         0x00000000100021aa        0x2 
 .text._etoa    0x00000000100021ac      0x414 CMakeFiles/build-hex-files.dir/home/mgraham/sdmay24-33/emulator/pico-sdk/src/rp2_common/pico_printf/printf.c.obj
 .text._ftoa    0x00000000100025c0      0x354 CMakeFiles/build-hex-files.dir/home/mgraham/sdmay24-33/emulator/pico-sdk/src/rp2_common/pico_printf/printf.c.obj
 .text._vsnprintf
                0x0000000010002914      0x624 CMakeFiles/build-hex-files.dir/home/mgraham/sdmay24-33/emulator/pico-sdk/src/rp2_common/pico_printf/printf.c.obj
 .text.vfctprintf
                0x0000000010002f38       0x20 CMakeFiles/build-hex-files.dir/home/mgraham/sdmay24-33/emulator/pico-sdk/src/rp2_common/pico_printf/printf.c.obj
                0x0000000010002f38                vfctprintf
 .text          0x0000000010002f58       0x10 CMakeFiles/build-hex-files.dir/home/mgraham/sdmay24-33/emulator/pico-sdk/src/rp2_common/pico_bit_ops/bit_ops_aeabi.S.obj
 .text.rom_func_lookup
                0x0000000010002f68       0x10 CMakeFiles/build-hex-files.dir/home/mgraham/sdmay24-33/emulator/pico-sdk/src/rp2_common/pico_bootrom/bootrom.c.obj
                0x0000000010002f68                rom_func_lookup
 .text.rom_data_lookup
                0x0000000010002f78       0x10 CMakeFiles/build-hex-files.dir/home/mgraham/sdmay24-33/emulator/pico-sdk/src/rp2_common/pico_bootrom/bootrom.c.obj
                0x0000000010002f78                rom_data_lookup
 .text.rom_funcs_lookup
                0x0000000010002f88       0x36 CMakeFiles/build-hex-files.dir/home/mgraham/sdmay24-33/emulator/pico-sdk/src/rp2_common/pico_bootrom/bootrom.c.obj
                0x0000000010002f88                rom_funcs_lookup
 *fill*         0x0000000010002fbe        0x2 
 .text.__wrap___aeabi_idiv
                0x0000000010002fc0       0x50 CMakeFiles/build-hex-files.dir/home/mgraham/sdmay24-33/emulator/pico-sdk/src/rp2_common/pico_divider/divider.S.obj
                0x0000000010002fc0                __wrap___aeabi_idivmod
                0x0000000010002fc0                divmod_s32s32
                0x0000000010002fc0                div_s32s32
                0x0000000010002fc0                __wrap___aeabi_idiv
                0x0000000010002fc8                divmod_s32s32_unsafe
                0x0000000010002ff4                divmod_s32s32_savestate
 .text.__wrap___aeabi_uidiv
                0x0000000010003010       0x4c CMakeFiles/build-hex-files.dir/home/mgraham/sdmay24-33/emulator/pico-sdk/src/rp2_common/pico_divider/divider.S.obj
                0x0000000010003010                __wrap___aeabi_uidiv
                0x0000000010003010                __wrap___aeabi_uidivmod
                0x0000000010003010                div_u32u32
                0x0000000010003010                divmod_u32u32
                0x0000000010003018                divmod_u32u32_unsafe
                0x0000000010003040                divmod_u32u32_savestate
 .text.__wrap___aeabi_ldiv
                0x000000001000305c      0x424 CMakeFiles/build-hex-files.dir/home/mgraham/sdmay24-33/emulator/pico-sdk/src/rp2_common/pico_divider/divider.S.obj
                0x000000001000305c                div_s64s64
                0x000000001000305c                divmod_s64s64
                0x000000001000305c                __wrap___aeabi_ldivmod
                0x000000001000308c                div_u64u64
                0x000000001000308c                divmod_u64u64
                0x000000001000308c                __wrap___aeabi_uldivmod
                0x000000001000309c                divmod_u64u64_savestate
                0x00000000100030bc                divmod_s64s64_unsafe
                0x0000000010003144                divmod_u64u64_unsafe
 .text.__wrap___aeabi_darithmetic
                0x0000000010003480       0x80 CMakeFiles/build-hex-files.dir/home/mgraham/sdmay24-33/emulator/pico-sdk/src/rp2_common/pico_double/double_aeabi.S.obj
                0x0000000010003480                __wrap___aeabi_drsub
                0x0000000010003486                __wrap___aeabi_dsub
                0x0000000010003498                __wrap___aeabi_dadd
                0x00000000100034aa                __wrap___aeabi_ddiv
                0x00000000100034e6                __wrap___aeabi_dmul
 .text.__wrap___aeabi_cdcmple
                0x0000000010003500       0x6c CMakeFiles/build-hex-files.dir/home/mgraham/sdmay24-33/emulator/pico-sdk/src/rp2_common/pico_double/double_aeabi.S.obj
                0x0000000010003500                __wrap___aeabi_cdrcmple
                0x0000000010003510                __wrap___aeabi_cdcmple
                0x0000000010003510                __wrap___aeabi_cdcmpeq
 .text.__wrap___aeabi_dcmplt
                0x000000001000356c        0xc CMakeFiles/build-hex-files.dir/home/mgraham/sdmay24-33/emulator/pico-sdk/src/rp2_common/pico_double/double_aeabi.S.obj
                0x000000001000356c                __wrap___aeabi_dcmplt
 .text.__wrap___aeabi_dcmple
                0x0000000010003578       0x10 CMakeFiles/build-hex-files.dir/home/mgraham/sdmay24-33/emulator/pico-sdk/src/rp2_common/pico_double/double_aeabi.S.obj
                0x0000000010003578                __wrap___aeabi_dcmple
 .text.__wrap___aeabi_dcmpge
                0x0000000010003588       0x10 CMakeFiles/build-hex-files.dir/home/mgraham/sdmay24-33/emulator/pico-sdk/src/rp2_common/pico_double/double_aeabi.S.obj
                0x0000000010003588                __wrap___aeabi_dcmpge
 .text.__wrap___aeabi_dcmpgt
                0x0000000010003598        0xa CMakeFiles/build-hex-files.dir/home/mgraham/sdmay24-33/emulator/pico-sdk/src/rp2_common/pico_double/double_aeabi.S.obj
                0x0000000010003598                __wrap___aeabi_dcmpgt
 .text.__wrap___aeabi_dcmpun
                0x00000000100035a2       0x1c CMakeFiles/build-hex-files.dir/home/mgraham/sdmay24-33/emulator/pico-sdk/src/rp2_common/pico_double/double_aeabi.S.obj
                0x00000000100035a2                __wrap___aeabi_dcmpun
 *fill*         0x00000000100035be        0x2 
 .text.__wrap___aeabi_i2d
                0x00000000100035c0       0x38 CMakeFiles/build-hex-files.dir/home/mgraham/sdmay24-33/emulator/pico-sdk/src/rp2_common/pico_double/double_aeabi.S.obj
                0x00000000100035c0                __wrap___aeabi_ui2d
                0x00000000100035c8                __wrap___aeabi_i2d
 .text.__wrap___aeabi_d2iz
                0x00000000100035f8       0x48 CMakeFiles/build-hex-files.dir/home/mgraham/sdmay24-33/emulator/pico-sdk/src/rp2_common/pico_double/double_aeabi.S.obj
                0x00000000100035f8                __wrap___aeabi_d2iz
                0x00000000100035f8                double2int_z
 .text.__wrap___aeabi_d2uiz
                0x0000000010003640       0x18 CMakeFiles/build-hex-files.dir/home/mgraham/sdmay24-33/emulator/pico-sdk/src/rp2_common/pico_double/double_aeabi.S.obj
                0x0000000010003640                double2uint
                0x0000000010003640                __wrap___aeabi_d2uiz
 .text.__aeabi_double_init
                0x0000000010003658       0xc8 CMakeFiles/build-hex-files.dir/home/mgraham/sdmay24-33/emulator/pico-sdk/src/rp2_common/pico_double/double_init_rom.c.obj
                0x0000000010003658                __aeabi_double_init
 .text.double_table_shim_on_use_helper
                0x0000000010003720       0x34 CMakeFiles/build-hex-files.dir/home/mgraham/sdmay24-33/emulator/pico-sdk/src/rp2_common/pico_double/double_v1_rom_shim.S.obj
                0x0000000010003720                double_table_shim_on_use_helper
 .text.__wrap___aeabi_dsub
                0x0000000010003754       0x10 CMakeFiles/build-hex-files.dir/home/mgraham/sdmay24-33/emulator/pico-sdk/src/rp2_common/pico_double/double_v1_rom_shim.S.obj
                0x0000000010003754                drsub_shim
                0x000000001000375a                dsub_shim
 .text.dadd_shim
                0x0000000010003764      0x15c CMakeFiles/build-hex-files.dir/home/mgraham/sdmay24-33/emulator/pico-sdk/src/rp2_common/pico_double/double_v1_rom_shim.S.obj
                0x0000000010003764                dadd_shim
 .text.dmul_shim
                0x00000000100038c0      0x15c CMakeFiles/build-hex-files.dir/home/mgraham/sdmay24-33/emulator/pico-sdk/src/rp2_common/pico_double/double_v1_rom_shim.S.obj
                0x00000000100038c0                dmul_shim
 .text.ddiv_shim
                0x0000000010003a1c      0x1b0 CMakeFiles/build-hex-files.dir/home/mgraham/sdmay24-33/emulator/pico-sdk/src/rp2_common/pico_double/double_v1_rom_shim.S.obj
                0x0000000010003a1c                ddiv_shim
 .text.double2uint_shim
                0x0000000010003bcc        0xe CMakeFiles/build-hex-files.dir/home/mgraham/sdmay24-33/emulator/pico-sdk/src/rp2_common/pico_double/double_v1_rom_shim.S.obj
                0x0000000010003bcc                double2uint_shim
                0x0000000010003bce                double2ufix_shim
 *fill*         0x0000000010003bda        0x2 
 .text.double2uint64_shim
                0x0000000010003bdc       0x70 CMakeFiles/build-hex-files.dir/home/mgraham/sdmay24-33/emulator/pico-sdk/src/rp2_common/pico_double/double_v1_rom_shim.S.obj
                0x0000000010003bdc                double2uint64_shim
                0x0000000010003bde                double2ufix64_shim
                0x0000000010003bfe                d2fix_a
 .text.dunpacks
                0x0000000010003c4c       0x3c CMakeFiles/build-hex-files.dir/home/mgraham/sdmay24-33/emulator/pico-sdk/src/rp2_common/pico_double/double_v1_rom_shim.S.obj
                0x0000000010003c4c                dunpacks
 .text.__aeabi_float_init
                0x0000000010003c88       0xfc CMakeFiles/build-hex-files.dir/home/mgraham/sdmay24-33/emulator/pico-sdk/src/rp2_common/pico_float/float_init_rom.c.obj
                0x0000000010003c88                __aeabi_float_init
 .text.float_table_shim_on_use_helper
                0x0000000010003d84       0x34 CMakeFiles/build-hex-files.dir/home/mgraham/sdmay24-33/emulator/pico-sdk/src/rp2_common/pico_float/float_v1_rom_shim.S.obj
                0x0000000010003d84                float_table_shim_on_use_helper
 .text          0x0000000010003db8       0x10 CMakeFiles/build-hex-files.dir/home/mgraham/sdmay24-33/emulator/pico-sdk/src/rp2_common/pico_mem_ops/mem_ops_aeabi.S.obj
                0x0000000010003db8                __aeabi_mem_init
 .text.memcpy   0x0000000010003dc8        0xc CMakeFiles/build-hex-files.dir/home/mgraham/sdmay24-33/emulator/pico-sdk/src/rp2_common/pico_mem_ops/mem_ops_aeabi.S.obj
                0x0000000010003dc8                __wrap___aeabi_memcpy
                0x0000000010003dc8                __wrap_memcpy
 .text.stdio_out_chars_no_crlf
                0x0000000010003dd4        0xe CMakeFiles/build-hex-files.dir/home/mgraham/sdmay24-33/emulator/pico-sdk/src/rp2_common/pico_stdio/stdio.c.obj
 *fill*         0x0000000010003de2        0x2 
 .text.stdio_out_chars_crlf
                0x0000000010003de4       0x80 CMakeFiles/build-hex-files.dir/home/mgraham/sdmay24-33/emulator/pico-sdk/src/rp2_common/pico_stdio/stdio.c.obj
 .text.stdio_stack_buffer_flush
                0x0000000010003e64       0x44 CMakeFiles/build-hex-files.dir/home/mgraham/sdmay24-33/emulator/pico-sdk/src/rp2_common/pico_stdio/stdio.c.obj
 .text.stdio_buffered_printer
                0x0000000010003ea8       0x20 CMakeFiles/build-hex-files.dir/home/mgraham/sdmay24-33/emulator/pico-sdk/src/rp2_common/pico_stdio/stdio.c.obj
 .text.stdout_serialize_begin
                0x0000000010003ec8       0x5c CMakeFiles/build-hex-files.dir/home/mgraham/sdmay24-33/emulator/pico-sdk/src/rp2_common/pico_stdio/stdio.c.obj
                0x0000000010003ec8                stdout_serialize_begin
 .text.stdout_serialize_end
                0x0000000010003f24       0x10 CMakeFiles/build-hex-files.dir/home/mgraham/sdmay24-33/emulator/pico-sdk/src/rp2_common/pico_stdio/stdio.c.obj
                0x0000000010003f24                stdout_serialize_end
 .text.stdio_put_string
                0x0000000010003f34       0x98 CMakeFiles/build-hex-files.dir/home/mgraham/sdmay24-33/emulator/pico-sdk/src/rp2_common/pico_stdio/stdio.c.obj
 .text.stdio_flush
                0x0000000010003fcc       0x20 CMakeFiles/build-hex-files.dir/home/mgraham/sdmay24-33/emulator/pico-sdk/src/rp2_common/pico_stdio/stdio.c.obj
                0x0000000010003fcc                stdio_flush
 .text.__wrap_puts
                0x0000000010003fec       0x1e CMakeFiles/build-hex-files.dir/home/mgraham/sdmay24-33/emulator/pico-sdk/src/rp2_common/pico_stdio/stdio.c.obj
                0x0000000010003fec                __wrap_puts
 *fill*         0x000000001000400a        0x2 
 .text.__wrap_vprintf
                0x000000001000400c       0x40 CMakeFiles/build-hex-files.dir/home/mgraham/sdmay24-33/emulator/pico-sdk/src/rp2_common/pico_stdio/stdio.c.obj
                0x000000001000400c                __wrap_vprintf
 .text.__wrap_printf
                0x000000001000404c       0x18 CMakeFiles/build-hex-files.dir/home/mgraham/sdmay24-33/emulator/pico-sdk/src/rp2_common/pico_stdio/stdio.c.obj
                0x000000001000404c                __wrap_printf
 .text          0x0000000010004064       0x5c /usr/lib/gcc/arm-none-eabi/10.3.1/../../../arm-none-eabi/lib/thumb/v6-m/nofp/libg.a(lib_a-strlen-stub.o)
                0x0000000010004064                strlen
 *(.fini)
 .fini          0x00000000100040c0        0x4 /usr/lib/gcc/arm-none-eabi/10.3.1/thumb/v6-m/nofp/crti.o
                0x00000000100040c0                _fini
 *fill*         0x00000000100040c4        0x4 
 .fini.__stub   0x00000000100040c8       0x40 linker stubs
 *crtbegin.o(.ctors)
 *crtbegin?.o(.ctors)
 *(EXCLUDE_FILE(*crtend.o *crtend?.o) .ctors)
 *(SORT_BY_NAME(.ctors.*))
 *(.ctors)
 *crtbegin.o(.dtors)
 *crtbegin?.o(.dtors)
 *(EXCLUDE_FILE(*crtend.o *crtend?.o) .dtors)
 *(SORT_BY_NAME(.dtors.*))
 *(.dtors)
 *(.eh_frame*)
 .eh_frame      0x0000000010004108        0x0 /usr/lib/gcc/arm-none-eabi/10.3.1/thumb/v6-m/nofp/crtbegin.o
                0x0000000010004108                . = ALIGN (0x4)

.glue_7         0x0000000010004108        0x0
 .glue_7        0x0000000010004108        0x0 linker stubs

.glue_7t        0x0000000010004108        0x0
 .glue_7t       0x0000000010004108        0x0 linker stubs

.vfp11_veneer   0x0000000010004108        0x0
 .vfp11_veneer  0x0000000010004108        0x0 linker stubs

.v4_bx          0x0000000010004108        0x0
 .v4_bx         0x0000000010004108        0x0 linker stubs

.iplt           0x0000000010004108        0x0
 .iplt          0x0000000010004108        0x0 /usr/lib/gcc/arm-none-eabi/10.3.1/thumb/v6-m/nofp/crtbegin.o

.rodata         0x0000000010004108      0xf5c
 *(EXCLUDE_FILE(*libm.a: *libc.a:*lib_a-mem*.o *libgcc.a:) .rodata*)
 .rodata.make_branch.str1.4
                0x0000000010004108       0x7d CMakeFiles/build-hex-files.dir/home/mgraham/sdmay24-33/emulator/pico-sdk/src/rp2_common/hardware_irq/irq.c.obj
 *fill*         0x0000000010004185        0x3 
 .rodata.insert_branch_and_link.str1.4
                0x0000000010004188       0x10 CMakeFiles/build-hex-files.dir/home/mgraham/sdmay24-33/emulator/pico-sdk/src/rp2_common/hardware_irq/irq.c.obj
 .rodata.irq_set_exclusive_handler.str1.4
                0x0000000010004198       0x36 CMakeFiles/build-hex-files.dir/home/mgraham/sdmay24-33/emulator/pico-sdk/src/rp2_common/hardware_irq/irq.c.obj
 *fill*         0x00000000100041ce        0x2 
 .rodata.irq_add_shared_handler.str1.4
                0x00000000100041d0       0xd9 CMakeFiles/build-hex-files.dir/home/mgraham/sdmay24-33/emulator/pico-sdk/src/rp2_common/hardware_irq/irq.c.obj
 *fill*         0x00000000100042a9        0x3 
 .rodata.irq_remove_handler.str1.4
                0x00000000100042ac       0x3a CMakeFiles/build-hex-files.dir/home/mgraham/sdmay24-33/emulator/pico-sdk/src/rp2_common/hardware_irq/irq.c.obj
 *fill*         0x00000000100042e6        0x2 
 .rodata.irq_add_tail_to_free_list.str1.4
                0x00000000100042e8       0x3a CMakeFiles/build-hex-files.dir/home/mgraham/sdmay24-33/emulator/pico-sdk/src/rp2_common/hardware_irq/irq.c.obj
 *fill*         0x0000000010004322        0x2 
 .rodata.__func__.0
                0x0000000010004324       0x1a CMakeFiles/build-hex-files.dir/home/mgraham/sdmay24-33/emulator/pico-sdk/src/rp2_common/hardware_irq/irq.c.obj
 *fill*         0x000000001000433e        0x2 
 .rodata.__func__.1
                0x0000000010004340       0x17 CMakeFiles/build-hex-files.dir/home/mgraham/sdmay24-33/emulator/pico-sdk/src/rp2_common/hardware_irq/irq.c.obj
 *fill*         0x0000000010004357        0x1 
 .rodata.__func__.2
                0x0000000010004358       0x13 CMakeFiles/build-hex-files.dir/home/mgraham/sdmay24-33/emulator/pico-sdk/src/rp2_common/hardware_irq/irq.c.obj
 *fill*         0x000000001000436b        0x1 
 .rodata.__func__.3
                0x000000001000436c        0xc CMakeFiles/build-hex-files.dir/home/mgraham/sdmay24-33/emulator/pico-sdk/src/rp2_common/hardware_irq/irq.c.obj
 .rodata.__func__.4
                0x0000000010004378        0xf CMakeFiles/build-hex-files.dir/home/mgraham/sdmay24-33/emulator/pico-sdk/src/rp2_common/hardware_irq/irq.c.obj
 *fill*         0x0000000010004387        0x1 
 .rodata.__func__.6
                0x0000000010004388       0x1a CMakeFiles/build-hex-files.dir/home/mgraham/sdmay24-33/emulator/pico-sdk/src/rp2_common/hardware_irq/irq.c.obj
 *fill*         0x00000000100043a2        0x2 
 .rodata.str1.4
                0x00000000100043a4      0x10d CMakeFiles/build-hex-files.dir/home/mgraham/sdmay24-33/emulator/pico-sdk/src/common/pico_sync/mutex.c.obj
 *fill*         0x00000000100044b1        0x3 
 .rodata.__func__.1
                0x00000000100044b4        0xb CMakeFiles/build-hex-files.dir/home/mgraham/sdmay24-33/emulator/pico-sdk/src/common/pico_sync/mutex.c.obj
 *fill*         0x00000000100044bf        0x1 
 .rodata.__func__.3
                0x00000000100044c0       0x18 CMakeFiles/build-hex-files.dir/home/mgraham/sdmay24-33/emulator/pico-sdk/src/common/pico_sync/mutex.c.obj
 .rodata.repeating_timer_callback.str1.4
                0x00000000100044d8       0x5b CMakeFiles/build-hex-files.dir/home/mgraham/sdmay24-33/emulator/pico-sdk/src/common/pico_time/time.c.obj
 *fill*         0x0000000010004533        0x1 
 .rodata.timer_pool_entry_comparator.str1.4
                0x0000000010004534       0x22 CMakeFiles/build-hex-files.dir/home/mgraham/sdmay24-33/emulator/pico-sdk/src/common/pico_time/time.c.obj
 *fill*         0x0000000010004556        0x2 
 .rodata.ph_add_child_node.str1.4
                0x0000000010004558       0xa6 CMakeFiles/build-hex-files.dir/home/mgraham/sdmay24-33/emulator/pico-sdk/src/common/pico_time/time.c.obj
 *fill*         0x00000000100045fe        0x2 
 .rodata.add_alarm_under_lock.str1.4
                0x0000000010004600       0x28 CMakeFiles/build-hex-files.dir/home/mgraham/sdmay24-33/emulator/pico-sdk/src/common/pico_time/time.c.obj
                                         0x2b (size before relaxing)
 .rodata.alarm_pool_alarm_callback.str1.4
                0x0000000010004628       0x98 CMakeFiles/build-hex-files.dir/home/mgraham/sdmay24-33/emulator/pico-sdk/src/common/pico_time/time.c.obj
                                        0x10c (size before relaxing)
 .rodata.alarm_pool_get_default.str1.4
                0x00000000100046c0       0x21 CMakeFiles/build-hex-files.dir/home/mgraham/sdmay24-33/emulator/pico-sdk/src/common/pico_time/time.c.obj
 *fill*         0x00000000100046e1        0x3 
 .rodata.alarm_pool_cancel_alarm.str1.4
                0x00000000100046e4       0x27 CMakeFiles/build-hex-files.dir/home/mgraham/sdmay24-33/emulator/pico-sdk/src/common/pico_time/time.c.obj
 *fill*         0x000000001000470b        0x1 
 .rodata.__func__.1
                0x000000001000470c       0x18 CMakeFiles/build-hex-files.dir/home/mgraham/sdmay24-33/emulator/pico-sdk/src/common/pico_time/time.c.obj
 .rodata.__func__.10
                0x0000000010004724       0x15 CMakeFiles/build-hex-files.dir/home/mgraham/sdmay24-33/emulator/pico-sdk/src/common/pico_time/time.c.obj
 *fill*         0x0000000010004739        0x3 
 .rodata.__func__.11
                0x000000001000473c       0x1a CMakeFiles/build-hex-files.dir/home/mgraham/sdmay24-33/emulator/pico-sdk/src/common/pico_time/time.c.obj
 *fill*         0x0000000010004756        0x2 
 .rodata.__func__.12
                0x0000000010004758        0xa CMakeFiles/build-hex-files.dir/home/mgraham/sdmay24-33/emulator/pico-sdk/src/common/pico_time/time.c.obj
 *fill*         0x0000000010004762        0x2 
 .rodata.__func__.3
                0x0000000010004764       0x17 CMakeFiles/build-hex-files.dir/home/mgraham/sdmay24-33/emulator/pico-sdk/src/common/pico_time/time.c.obj
 *fill*         0x000000001000477b        0x1 
 .rodata.__func__.4
                0x000000001000477c       0x12 CMakeFiles/build-hex-files.dir/home/mgraham/sdmay24-33/emulator/pico-sdk/src/common/pico_time/time.c.obj
 *fill*         0x000000001000478e        0x2 
 .rodata.__func__.5
                0x0000000010004790        0xd CMakeFiles/build-hex-files.dir/home/mgraham/sdmay24-33/emulator/pico-sdk/src/common/pico_time/time.c.obj
 *fill*         0x000000001000479d        0x3 
 .rodata.__func__.6
                0x00000000100047a0       0x12 CMakeFiles/build-hex-files.dir/home/mgraham/sdmay24-33/emulator/pico-sdk/src/common/pico_time/time.c.obj
 *fill*         0x00000000100047b2        0x2 
 .rodata.__func__.7
                0x00000000100047b4        0xf CMakeFiles/build-hex-files.dir/home/mgraham/sdmay24-33/emulator/pico-sdk/src/common/pico_time/time.c.obj
 *fill*         0x00000000100047c3        0x1 
 .rodata.__func__.8
                0x00000000100047c4        0xc CMakeFiles/build-hex-files.dir/home/mgraham/sdmay24-33/emulator/pico-sdk/src/common/pico_time/time.c.obj
 .rodata.__func__.9
                0x00000000100047d0       0x15 CMakeFiles/build-hex-files.dir/home/mgraham/sdmay24-33/emulator/pico-sdk/src/common/pico_time/time.c.obj
 *fill*         0x00000000100047e5        0x3 
 .rodata.hardware_alarm_claim.str1.4
                0x00000000100047e8       0x22 CMakeFiles/build-hex-files.dir/home/mgraham/sdmay24-33/emulator/pico-sdk/src/rp2_common/hardware_timer/timer.c.obj
 *fill*         0x000000001000480a        0x2 
 .rodata.hardware_alarm_set_target.str1.4
                0x000000001000480c       0x75 CMakeFiles/build-hex-files.dir/home/mgraham/sdmay24-33/emulator/pico-sdk/src/rp2_common/hardware_timer/timer.c.obj
 *fill*         0x0000000010004881        0x3 
 .rodata.__func__.0
                0x0000000010004884       0x1a CMakeFiles/build-hex-files.dir/home/mgraham/sdmay24-33/emulator/pico-sdk/src/rp2_common/hardware_timer/timer.c.obj
 .rodata.ph_add_child_node.str1.4
                0x000000001000489e       0xa6 CMakeFiles/build-hex-files.dir/home/mgraham/sdmay24-33/emulator/pico-sdk/src/common/pico_util/pheap.c.obj
 *fill*         0x000000001000489e        0x2 
 .rodata.ph_remove_any_head.str1.4
                0x00000000100048a0       0x9c CMakeFiles/build-hex-files.dir/home/mgraham/sdmay24-33/emulator/pico-sdk/src/common/pico_util/pheap.c.obj
                                         0xb0 (size before relaxing)
 .rodata.ph_remove_and_free_node.str1.4
                0x000000001000493c       0x1e CMakeFiles/build-hex-files.dir/home/mgraham/sdmay24-33/emulator/pico-sdk/src/common/pico_util/pheap.c.obj
                                         0x26 (size before relaxing)
 *fill*         0x000000001000495a        0x2 
 .rodata.__func__.0
                0x000000001000495c       0x18 CMakeFiles/build-hex-files.dir/home/mgraham/sdmay24-33/emulator/pico-sdk/src/common/pico_util/pheap.c.obj
 .rodata.__func__.1
                0x0000000010004974       0x13 CMakeFiles/build-hex-files.dir/home/mgraham/sdmay24-33/emulator/pico-sdk/src/common/pico_util/pheap.c.obj
 *fill*         0x0000000010004987        0x1 
 .rodata.__func__.2
                0x0000000010004988       0x12 CMakeFiles/build-hex-files.dir/home/mgraham/sdmay24-33/emulator/pico-sdk/src/common/pico_util/pheap.c.obj
 *fill*         0x000000001000499a        0x2 
 .rodata.__func__.3
                0x000000001000499c        0xc CMakeFiles/build-hex-files.dir/home/mgraham/sdmay24-33/emulator/pico-sdk/src/common/pico_util/pheap.c.obj
 .rodata.clock_configure.str1.4
                0x00000000100049a8       0x67 CMakeFiles/build-hex-files.dir/home/mgraham/sdmay24-33/emulator/pico-sdk/src/rp2_common/hardware_clocks/clocks.c.obj
 *fill*         0x0000000010004a0f        0x1 
 .rodata.__func__.1
                0x0000000010004a10       0x10 CMakeFiles/build-hex-files.dir/home/mgraham/sdmay24-33/emulator/pico-sdk/src/rp2_common/hardware_clocks/clocks.c.obj
 .rodata.pll_init.str1.4
                0x0000000010004a20      0x134 CMakeFiles/build-hex-files.dir/home/mgraham/sdmay24-33/emulator/pico-sdk/src/rp2_common/hardware_pll/pll.c.obj
 .rodata.__func__.0
                0x0000000010004b54        0x9 CMakeFiles/build-hex-files.dir/home/mgraham/sdmay24-33/emulator/pico-sdk/src/rp2_common/hardware_pll/pll.c.obj
 *fill*         0x0000000010004b5d        0x3 
 .rodata.__assert_func.str1.4
                0x0000000010004b60       0x3f CMakeFiles/build-hex-files.dir/home/mgraham/sdmay24-33/emulator/pico-sdk/src/rp2_common/pico_runtime/runtime.c.obj
                                         0x43 (size before relaxing)
 *fill*         0x0000000010004b9f        0x1 
 .rodata.runtime_init.str1.4
                0x0000000010004ba0       0x71 CMakeFiles/build-hex-files.dir/home/mgraham/sdmay24-33/emulator/pico-sdk/src/rp2_common/pico_runtime/runtime.c.obj
 *fill*         0x0000000010004c11        0x3 
 .rodata.panic.str1.4
                0x0000000010004c14       0x12 CMakeFiles/build-hex-files.dir/home/mgraham/sdmay24-33/emulator/pico-sdk/src/rp2_common/pico_runtime/runtime.c.obj
 *fill*         0x0000000010004c26        0x2 
 .rodata.__func__.2
                0x0000000010004c28        0xd CMakeFiles/build-hex-files.dir/home/mgraham/sdmay24-33/emulator/pico-sdk/src/rp2_common/pico_runtime/runtime.c.obj
 *fill*         0x0000000010004c35        0x3 
 .rodata._ftoa.str1.4
                0x0000000010004c38       0x15 CMakeFiles/build-hex-files.dir/home/mgraham/sdmay24-33/emulator/pico-sdk/src/rp2_common/pico_printf/printf.c.obj
 *fill*         0x0000000010004c4d        0x3 
 .rodata._vsnprintf
                0x0000000010004c50      0x1e0 CMakeFiles/build-hex-files.dir/home/mgraham/sdmay24-33/emulator/pico-sdk/src/rp2_common/pico_printf/printf.c.obj
 .rodata.pow10.0
                0x0000000010004e30       0x50 CMakeFiles/build-hex-files.dir/home/mgraham/sdmay24-33/emulator/pico-sdk/src/rp2_common/pico_printf/printf.c.obj
 .rodata.__aeabi_double_init.str1.4
                0x0000000010004e80       0xac CMakeFiles/build-hex-files.dir/home/mgraham/sdmay24-33/emulator/pico-sdk/src/rp2_common/pico_double/double_init_rom.c.obj
 .rodata.__func__.0
                0x0000000010004f2c       0x14 CMakeFiles/build-hex-files.dir/home/mgraham/sdmay24-33/emulator/pico-sdk/src/rp2_common/pico_double/double_init_rom.c.obj
 .rodata.__aeabi_float_init.str1.4
                0x0000000010004f40       0x8a CMakeFiles/build-hex-files.dir/home/mgraham/sdmay24-33/emulator/pico-sdk/src/rp2_common/pico_float/float_init_rom.c.obj
                                         0x8e (size before relaxing)
 *fill*         0x0000000010004fca        0x2 
 .rodata.__func__.0
                0x0000000010004fcc       0x13 CMakeFiles/build-hex-files.dir/home/mgraham/sdmay24-33/emulator/pico-sdk/src/rp2_common/pico_float/float_init_rom.c.obj
 *fill*         0x0000000010004fdf        0x1 
 .rodata.str1.4
                0x0000000010004fe0       0x44 CMakeFiles/build-hex-files.dir/home/mgraham/sdmay24-33/emulator/pico-sdk/src/rp2_common/pico_standard_link/binary_info.c.obj
 .rodata.__bi_44
                0x0000000010005024        0xc CMakeFiles/build-hex-files.dir/home/mgraham/sdmay24-33/emulator/pico-sdk/src/rp2_common/pico_standard_link/binary_info.c.obj
 .rodata.__bi_75
                0x0000000010005030        0xc CMakeFiles/build-hex-files.dir/home/mgraham/sdmay24-33/emulator/pico-sdk/src/rp2_common/pico_standard_link/binary_info.c.obj
 .rodata.__bi_81
                0x000000001000503c        0xc CMakeFiles/build-hex-files.dir/home/mgraham/sdmay24-33/emulator/pico-sdk/src/rp2_common/pico_standard_link/binary_info.c.obj
 .rodata.stdout_serialize_begin.str1.4
                0x0000000010005048       0x71 CMakeFiles/build-hex-files.dir/home/mgraham/sdmay24-33/emulator/pico-sdk/src/rp2_common/pico_stdio/stdio.c.obj
 .rodata.__func__.3
                0x0000000010005048       0x15 CMakeFiles/build-hex-files.dir/home/mgraham/sdmay24-33/emulator/pico-sdk/src/rp2_common/pico_stdio/stdio.c.obj
 *fill*         0x000000001000505d        0x3 
 .rodata.crlf_str.2
                0x0000000010005060        0x2 CMakeFiles/build-hex-files.dir/home/mgraham/sdmay24-33/emulator/pico-sdk/src/rp2_common/pico_stdio/stdio.c.obj
                0x0000000010005064                . = ALIGN (0x4)
 *fill*         0x0000000010005062        0x2 
 *(SORT_BY_ALIGNMENT(SORT_BY_NAME(.flashdata*)))
                0x0000000010005064                . = ALIGN (0x4)

.ARM.extab
 *(.ARM.extab* .gnu.linkonce.armextab.*)
                0x0000000010005064                __exidx_start = .

.ARM.exidx
 *(.ARM.exidx* .gnu.linkonce.armexidx.*)
                0x0000000010005064                __exidx_end = .
                0x0000000010005064                . = ALIGN (0x4)
                0x0000000010005064                __binary_info_start = .

.binary_info    0x0000000010005064       0x1c
 *(.binary_info.keep.*)
 .binary_info.keep.__bi_ptr22
                0x0000000010005064        0x4 CMakeFiles/build-hex-files.dir/home/mgraham/sdmay24-33/emulator/pico-sdk/src/rp2_common/pico_standard_link/binary_info.c.obj
 .binary_info.keep.__bi_ptr30
                0x0000000010005068        0x4 CMakeFiles/build-hex-files.dir/home/mgraham/sdmay24-33/emulator/pico-sdk/src/rp2_common/pico_standard_link/binary_info.c.obj
 .binary_info.keep.__bi_ptr38
                0x000000001000506c        0x4 CMakeFiles/build-hex-files.dir/home/mgraham/sdmay24-33/emulator/pico-sdk/src/rp2_common/pico_standard_link/binary_info.c.obj
 .binary_info.keep.__bi_ptr44
                0x0000000010005070        0x4 CMakeFiles/build-hex-files.dir/home/mgraham/sdmay24-33/emulator/pico-sdk/src/rp2_common/pico_standard_link/binary_info.c.obj
 .binary_info.keep.__bi_ptr50
                0x0000000010005074        0x4 CMakeFiles/build-hex-files.dir/home/mgraham/sdmay24-33/emulator/pico-sdk/src/rp2_common/pico_standard_link/binary_info.c.obj
 .binary_info.keep.__bi_ptr75
                0x0000000010005078        0x4 CMakeFiles/build-hex-files.dir/home/mgraham/sdmay24-33/emulator/pico-sdk/src/rp2_common/pico_standard_link/binary_info.c.obj
 .binary_info.keep.__bi_ptr81
                0x000000001000507c        0x4 CMakeFiles/build-hex-files.dir/home/mgraham/sdmay24-33/emulator/pico-sdk/src/rp2_common/pico_standard_link/binary_info.c.obj
 *(.binary_info.*)
                0x0000000010005080                __binary_info_end = .

.rel.dyn        0x0000000010005080        0x0
 .rel.iplt      0x0000000010005080        0x0 /usr/lib/gcc/arm-none-eabi/10.3.1/thumb/v6-m/nofp/crtbegin.o
                0x0000000010005080                . = ALIGN (0x4)

.ram_vector_table
                0x0000000020000000       0xc0
 *(.ram_vector_table)
 .ram_vector_table
                0x0000000020000000       0xc0 CMakeFiles/build-hex-files.dir/home/mgraham/sdmay24-33/emulator/pico-sdk/src/rp2_common/pico_runtime/runtime.c.obj
                0x0000000020000000                ram_vector_table

.data           0x00000000200000c0      0x22c load address 0x0000000010005080
                0x00000000200000c0                __data_start__ = .
 *(vtable)
 *(.time_critical*)
 .time_critical.mutex_try_enter
                0x00000000200000c0       0x46 CMakeFiles/build-hex-files.dir/home/mgraham/sdmay24-33/emulator/pico-sdk/src/common/pico_sync/mutex.c.obj
                0x00000000200000c0                mutex_try_enter
 *fill*         0x0000000020000106        0x2 
 .time_critical.mutex_enter_block_until
                0x0000000020000108       0x8c CMakeFiles/build-hex-files.dir/home/mgraham/sdmay24-33/emulator/pico-sdk/src/common/pico_sync/mutex.c.obj
                0x0000000020000108                mutex_enter_block_until
 .time_critical.mutex_try_enter_block_until
                0x0000000020000194       0x34 CMakeFiles/build-hex-files.dir/home/mgraham/sdmay24-33/emulator/pico-sdk/src/common/pico_sync/mutex.c.obj
                0x0000000020000194                mutex_try_enter_block_until
 .time_critical.mutex_exit
                0x00000000200001c8       0x4c CMakeFiles/build-hex-files.dir/home/mgraham/sdmay24-33/emulator/pico-sdk/src/common/pico_sync/mutex.c.obj
                0x00000000200001c8                mutex_exit
 *(.text*)
 .text          0x0000000020000214        0x4 /usr/lib/gcc/arm-none-eabi/10.3.1/thumb/v6-m/nofp/libgcc.a(_dvmd_tls.o)
                0x0000000020000214                __aeabi_ldiv0
                0x0000000020000214                __aeabi_idiv0
 .text.__stub   0x0000000020000218       0x20 linker stubs
                0x0000000020000238                . = ALIGN (0x4)
 *(.rodata*)
                0x0000000020000238                . = ALIGN (0x4)
 *(.data*)
 .data.striped_spin_lock_num
                0x0000000020000238        0x1 CMakeFiles/build-hex-files.dir/home/mgraham/sdmay24-33/emulator/pico-sdk/src/rp2_common/hardware_sync/sync.c.obj
 *fill*         0x0000000020000239        0x3 
 .data          0x000000002000023c       0x48 CMakeFiles/build-hex-files.dir/home/mgraham/sdmay24-33/emulator/pico-sdk/src/rp2_common/hardware_irq/irq_handler_chain.S.obj
                0x000000002000023c                irq_handler_chain_slots
                0x000000002000026c                irq_handler_chain_first_slot
                0x0000000020000276                irq_handler_chain_remove_tail
 .data.default_alarm_pool
                0x0000000020000284       0x18 CMakeFiles/build-hex-files.dir/home/mgraham/sdmay24-33/emulator/pico-sdk/src/common/pico_time/time.c.obj
 .data.default_alarm_pool_heap
                0x000000002000029c       0x10 CMakeFiles/build-hex-files.dir/home/mgraham/sdmay24-33/emulator/pico-sdk/src/common/pico_time/time.c.obj
 *fill*         0x00000000200002ac        0x4 
 .data.aeabi_bits_funcs
                0x00000000200002b0       0x10 CMakeFiles/build-hex-files.dir/home/mgraham/sdmay24-33/emulator/pico-sdk/src/rp2_common/pico_bit_ops/bit_ops_aeabi.S.obj
                0x00000000200002b0                aeabi_bits_funcs
                0x00000000200002c0                aeabi_bits_funcs_end
 .data.aeabi_mem_funcs
                0x00000000200002c0       0x10 CMakeFiles/build-hex-files.dir/home/mgraham/sdmay24-33/emulator/pico-sdk/src/rp2_common/pico_mem_ops/mem_ops_aeabi.S.obj
                0x00000000200002c0                aeabi_mem_funcs
                0x00000000200002d0                aeabi_mem_funcs_end
                0x00000000200002d0                . = ALIGN (0x4)
 *(.after_data.*)
                0x00000000200002d0                . = ALIGN (0x4)
                0x00000000200002d0                PROVIDE (__mutex_array_start = .)
 *(SORT_BY_NAME(.mutex_array.*))
 *(.mutex_array)
 .mutex_array   0x00000000200002d0        0x8 CMakeFiles/build-hex-files.dir/home/mgraham/sdmay24-33/emulator/pico-sdk/src/rp2_common/pico_stdio/stdio.c.obj
                0x00000000200002d8                PROVIDE (__mutex_array_end = .)
                0x00000000200002d8                . = ALIGN (0x4)
                0x00000000200002d8                PROVIDE (__preinit_array_start = .)
 *(SORT_BY_NAME(.preinit_array.*))
 .preinit_array.00001
                0x00000000200002d8        0x4 CMakeFiles/build-hex-files.dir/home/mgraham/sdmay24-33/emulator/pico-sdk/src/rp2_common/pico_mem_ops/mem_ops_aeabi.S.obj
 .preinit_array.00010
                0x00000000200002dc        0x4 CMakeFiles/build-hex-files.dir/home/mgraham/sdmay24-33/emulator/pico-sdk/src/rp2_common/pico_bit_ops/bit_ops_aeabi.S.obj
 .preinit_array.00020
                0x00000000200002e0        0x4 CMakeFiles/build-hex-files.dir/home/mgraham/sdmay24-33/emulator/pico-sdk/src/rp2_common/pico_double/double_aeabi.S.obj
 .preinit_array.00020
                0x00000000200002e4        0x4 CMakeFiles/build-hex-files.dir/home/mgraham/sdmay24-33/emulator/pico-sdk/src/rp2_common/pico_float/float_aeabi.S.obj
 *(.preinit_array)
                0x00000000200002e8                PROVIDE (__preinit_array_end = .)
                0x00000000200002e8                . = ALIGN (0x4)
                0x00000000200002e8                PROVIDE (__init_array_start = .)
 *(SORT_BY_NAME(.init_array.*))
 *(.init_array)
 .init_array    0x00000000200002e8        0x4 /usr/lib/gcc/arm-none-eabi/10.3.1/thumb/v6-m/nofp/crtbegin.o
                0x00000000200002ec                PROVIDE (__init_array_end = .)
                0x00000000200002ec                . = ALIGN (0x4)
                0x00000000200002ec                PROVIDE (__fini_array_start = .)
 *(SORT_BY_NAME(.fini_array.*))
 *(.fini_array)
                0x00000000200002ec                PROVIDE (__fini_array_end = .)
 *(.jcr)
                0x00000000200002ec                . = ALIGN (0x4)
                0x00000000200002ec                __data_end__ = .
                0x0000000010005080                __etext = LOADADDR (.data)

.tm_clone_table
                0x00000000200002ec        0x0 load address 0x00000000100052ac
 .tm_clone_table
                0x00000000200002ec        0x0 /usr/lib/gcc/arm-none-eabi/10.3.1/thumb/v6-m/nofp/crtbegin.o
 .tm_clone_table
                0x00000000200002ec        0x0 /usr/lib/gcc/arm-none-eabi/10.3.1/thumb/v6-m/nofp/crtend.o

.igot.plt       0x00000000200002ec        0x0 load address 0x00000000100052ac
 .igot.plt      0x00000000200002ec        0x0 /usr/lib/gcc/arm-none-eabi/10.3.1/thumb/v6-m/nofp/crtbegin.o

.uninitialized_data
                0x00000000200002ec        0x0 load address 0x00000000100052ac
                0x00000000200002ec                . = ALIGN (0x4)
 *(.uninitialized_data*)

.scratch_x      0x0000000020040000        0x0 load address 0x00000000100052ac
                0x0000000020040000                __scratch_x_start__ = .
 *(.scratch_x.*)
                0x0000000020040000                . = ALIGN (0x4)
                0x0000000020040000                __scratch_x_end__ = .
                0x00000000100052ac                __scratch_x_source__ = LOADADDR (.scratch_x)

.scratch_y      0x0000000020041000        0x0 load address 0x00000000100052ac
                0x0000000020041000                __scratch_y_start__ = .
 *(.scratch_y.*)
                0x0000000020041000                . = ALIGN (0x4)
                0x0000000020041000                __scratch_y_end__ = .
                0x00000000100052ac                __scratch_y_source__ = LOADADDR (.scratch_y)

.bss            0x00000000200002f0      0x3c8
                0x00000000200002f0                . = ALIGN (0x4)
                0x00000000200002f0                __bss_start__ = .
 *(SORT_BY_ALIGNMENT(SORT_BY_NAME(.bss*)))
 .bss.default_alarm_pool_entries
                0x00000000200002f0      0x100 CMakeFiles/build-hex-files.dir/home/mgraham/sdmay24-33/emulator/pico-sdk/src/common/pico_time/time.c.obj
 .bss           0x00000000200003f0       0x1c /usr/lib/gcc/arm-none-eabi/10.3.1/thumb/v6-m/nofp/crtbegin.o
 .bss.alarm_callbacks
                0x000000002000040c       0x10 CMakeFiles/build-hex-files.dir/home/mgraham/sdmay24-33/emulator/pico-sdk/src/rp2_common/hardware_timer/timer.c.obj
 .bss.configured_freq
                0x000000002000041c       0x28 CMakeFiles/build-hex-files.dir/home/mgraham/sdmay24-33/emulator/pico-sdk/src/rp2_common/hardware_clocks/clocks.c.obj
 .bss.default_alarm_pool_entry_ids_high
                0x0000000020000444       0x10 CMakeFiles/build-hex-files.dir/home/mgraham/sdmay24-33/emulator/pico-sdk/src/common/pico_time/time.c.obj
 .bss.default_alarm_pool_heap_nodes
                0x0000000020000454       0x30 CMakeFiles/build-hex-files.dir/home/mgraham/sdmay24-33/emulator/pico-sdk/src/common/pico_time/time.c.obj
 .bss.drivers   0x0000000020000484        0x4 CMakeFiles/build-hex-files.dir/home/mgraham/sdmay24-33/emulator/pico-sdk/src/rp2_common/pico_stdio/stdio.c.obj
 .bss.filter    0x0000000020000488        0x4 CMakeFiles/build-hex-files.dir/home/mgraham/sdmay24-33/emulator/pico-sdk/src/rp2_common/pico_stdio/stdio.c.obj
 .bss.pools     0x000000002000048c       0x10 CMakeFiles/build-hex-files.dir/home/mgraham/sdmay24-33/emulator/pico-sdk/src/common/pico_time/time.c.obj
 .bss.sd_table  0x000000002000049c      0x100 CMakeFiles/build-hex-files.dir/home/mgraham/sdmay24-33/emulator/pico-sdk/src/rp2_common/pico_double/double_init_rom.c.obj
                0x000000002000049c                sd_table
 .bss.sf_clz_func
                0x000000002000059c        0x4 CMakeFiles/build-hex-files.dir/home/mgraham/sdmay24-33/emulator/pico-sdk/src/rp2_common/pico_double/double_init_rom.c.obj
                0x000000002000059c                sf_clz_func
 .bss.sf_table  0x00000000200005a0      0x100 CMakeFiles/build-hex-files.dir/home/mgraham/sdmay24-33/emulator/pico-sdk/src/rp2_common/pico_float/float_init_rom.c.obj
                0x00000000200005a0                sf_table
 .bss.sleep_notifier
                0x00000000200006a0        0x4 CMakeFiles/build-hex-files.dir/home/mgraham/sdmay24-33/emulator/pico-sdk/src/common/pico_time/time.c.obj
 .bss.target_hi
                0x00000000200006a4       0x10 CMakeFiles/build-hex-files.dir/home/mgraham/sdmay24-33/emulator/pico-sdk/src/rp2_common/hardware_timer/timer.c.obj
 .bss.claimed   0x00000000200006b4        0x1 CMakeFiles/build-hex-files.dir/home/mgraham/sdmay24-33/emulator/pico-sdk/src/rp2_common/hardware_timer/timer.c.obj
 .bss.irq_hander_chain_free_slot_head
                0x00000000200006b5        0x1 CMakeFiles/build-hex-files.dir/home/mgraham/sdmay24-33/emulator/pico-sdk/src/rp2_common/hardware_irq/irq.c.obj
 .bss.timer_callbacks_pending
                0x00000000200006b6        0x1 CMakeFiles/build-hex-files.dir/home/mgraham/sdmay24-33/emulator/pico-sdk/src/rp2_common/hardware_timer/timer.c.obj
 *(COMMON)
                0x00000000200006b8                . = ALIGN (0x4)
 *fill*         0x00000000200006b7        0x1 
                0x00000000200006b8                __bss_end__ = .

.heap           0x00000000200006b8      0x800
                0x00000000200006b8                __end__ = .
                0x00000000200006b8                end = __end__
 *(.heap*)
 .heap          0x00000000200006b8      0x800 CMakeFiles/build-hex-files.dir/home/mgraham/sdmay24-33/emulator/pico-sdk/src/rp2_common/pico_standard_link/crt0.S.obj
                0x0000000020000eb8                __HeapLimit = .

.stack1_dummy   0x0000000020040000        0x0
 *(.stack1*)

.stack_dummy    0x0000000020041000      0x800
 *(.stack*)
 .stack         0x0000000020041000      0x800 CMakeFiles/build-hex-files.dir/home/mgraham/sdmay24-33/emulator/pico-sdk/src/rp2_common/pico_standard_link/crt0.S.obj

.flash_end      0x00000000100052ac        0x0
                0x00000000100052ac                PROVIDE (__flash_binary_end = .)
                0x0000000020040000                __StackLimit = (ORIGIN (RAM) + LENGTH (RAM))
                0x0000000020041000                __StackOneTop = (ORIGIN (SCRATCH_X) + LENGTH (SCRATCH_X))
                0x0000000020042000                __StackTop = (ORIGIN (SCRATCH_Y) + LENGTH (SCRATCH_Y))
                0x0000000020041000                __StackOneBottom = (__StackOneTop - SIZEOF (.stack1_dummy))
                0x0000000020041800                __StackBottom = (__StackTop - SIZEOF (.stack_dummy))
                0x0000000020042000                PROVIDE (__stack = __StackTop)
                0x0000000000000001                ASSERT ((__StackLimit >= __HeapLimit), region RAM overflowed)
                0x0000000000000001                ASSERT (((__binary_info_header_end - __logical_binary_start) <= 0x100), Binary info must be in first 256 bytes of the binary)
LOAD CMakeFiles/build-hex-files.dir/build-hex-files.c.obj
LOAD CMakeFiles/build-hex-files.dir/home/mgraham/sdmay24-33/emulator/pico-sdk/src/rp2_common/pico_stdlib/stdlib.c.obj
LOAD CMakeFiles/build-hex-files.dir/home/mgraham/sdmay24-33/emulator/pico-sdk/src/rp2_common/hardware_gpio/gpio.c.obj
LOAD CMakeFiles/build-hex-files.dir/home/mgraham/sdmay24-33/emulator/pico-sdk/src/rp2_common/pico_platform/platform.c.obj
LOAD CMakeFiles/build-hex-files.dir/home/mgraham/sdmay24-33/emulator/pico-sdk/src/rp2_common/hardware_claim/claim.c.obj
LOAD CMakeFiles/build-hex-files.dir/home/mgraham/sdmay24-33/emulator/pico-sdk/src/rp2_common/hardware_sync/sync.c.obj
LOAD CMakeFiles/build-hex-files.dir/home/mgraham/sdmay24-33/emulator/pico-sdk/src/rp2_common/hardware_irq/irq.c.obj
LOAD CMakeFiles/build-hex-files.dir/home/mgraham/sdmay24-33/emulator/pico-sdk/src/rp2_common/hardware_irq/irq_handler_chain.S.obj
LOAD CMakeFiles/build-hex-files.dir/home/mgraham/sdmay24-33/emulator/pico-sdk/src/common/pico_sync/sem.c.obj
LOAD CMakeFiles/build-hex-files.dir/home/mgraham/sdmay24-33/emulator/pico-sdk/src/common/pico_sync/lock_core.c.obj
LOAD CMakeFiles/build-hex-files.dir/home/mgraham/sdmay24-33/emulator/pico-sdk/src/common/pico_sync/mutex.c.obj
LOAD CMakeFiles/build-hex-files.dir/home/mgraham/sdmay24-33/emulator/pico-sdk/src/common/pico_sync/critical_section.c.obj
LOAD CMakeFiles/build-hex-files.dir/home/mgraham/sdmay24-33/emulator/pico-sdk/src/common/pico_time/time.c.obj
LOAD CMakeFiles/build-hex-files.dir/home/mgraham/sdmay24-33/emulator/pico-sdk/src/common/pico_time/timeout_helper.c.obj
LOAD CMakeFiles/build-hex-files.dir/home/mgraham/sdmay24-33/emulator/pico-sdk/src/rp2_common/hardware_timer/timer.c.obj
LOAD CMakeFiles/build-hex-files.dir/home/mgraham/sdmay24-33/emulator/pico-sdk/src/common/pico_util/datetime.c.obj
LOAD CMakeFiles/build-hex-files.dir/home/mgraham/sdmay24-33/emulator/pico-sdk/src/common/pico_util/pheap.c.obj
LOAD CMakeFiles/build-hex-files.dir/home/mgraham/sdmay24-33/emulator/pico-sdk/src/common/pico_util/queue.c.obj
LOAD CMakeFiles/build-hex-files.dir/home/mgraham/sdmay24-33/emulator/pico-sdk/src/rp2_common/hardware_uart/uart.c.obj
LOAD CMakeFiles/build-hex-files.dir/home/mgraham/sdmay24-33/emulator/pico-sdk/src/rp2_common/hardware_clocks/clocks.c.obj
LOAD CMakeFiles/build-hex-files.dir/home/mgraham/sdmay24-33/emulator/pico-sdk/src/rp2_common/hardware_pll/pll.c.obj
LOAD CMakeFiles/build-hex-files.dir/home/mgraham/sdmay24-33/emulator/pico-sdk/src/rp2_common/hardware_vreg/vreg.c.obj
LOAD CMakeFiles/build-hex-files.dir/home/mgraham/sdmay24-33/emulator/pico-sdk/src/rp2_common/hardware_watchdog/watchdog.c.obj
LOAD CMakeFiles/build-hex-files.dir/home/mgraham/sdmay24-33/emulator/pico-sdk/src/rp2_common/hardware_xosc/xosc.c.obj
LOAD CMakeFiles/build-hex-files.dir/home/mgraham/sdmay24-33/emulator/pico-sdk/src/rp2_common/hardware_divider/divider.S.obj
LOAD CMakeFiles/build-hex-files.dir/home/mgraham/sdmay24-33/emulator/pico-sdk/src/rp2_common/pico_runtime/runtime.c.obj
LOAD CMakeFiles/build-hex-files.dir/home/mgraham/sdmay24-33/emulator/pico-sdk/src/rp2_common/pico_printf/printf.c.obj
LOAD CMakeFiles/build-hex-files.dir/home/mgraham/sdmay24-33/emulator/pico-sdk/src/rp2_common/pico_bit_ops/bit_ops_aeabi.S.obj
LOAD CMakeFiles/build-hex-files.dir/home/mgraham/sdmay24-33/emulator/pico-sdk/src/rp2_common/pico_bootrom/bootrom.c.obj
LOAD CMakeFiles/build-hex-files.dir/home/mgraham/sdmay24-33/emulator/pico-sdk/src/rp2_common/pico_divider/divider.S.obj
LOAD CMakeFiles/build-hex-files.dir/home/mgraham/sdmay24-33/emulator/pico-sdk/src/rp2_common/pico_double/double_aeabi.S.obj
LOAD CMakeFiles/build-hex-files.dir/home/mgraham/sdmay24-33/emulator/pico-sdk/src/rp2_common/pico_double/double_init_rom.c.obj
LOAD CMakeFiles/build-hex-files.dir/home/mgraham/sdmay24-33/emulator/pico-sdk/src/rp2_common/pico_double/double_math.c.obj
LOAD CMakeFiles/build-hex-files.dir/home/mgraham/sdmay24-33/emulator/pico-sdk/src/rp2_common/pico_double/double_v1_rom_shim.S.obj
LOAD CMakeFiles/build-hex-files.dir/home/mgraham/sdmay24-33/emulator/pico-sdk/src/rp2_common/pico_int64_ops/pico_int64_ops_aeabi.S.obj
LOAD CMakeFiles/build-hex-files.dir/home/mgraham/sdmay24-33/emulator/pico-sdk/src/rp2_common/pico_float/float_aeabi.S.obj
LOAD CMakeFiles/build-hex-files.dir/home/mgraham/sdmay24-33/emulator/pico-sdk/src/rp2_common/pico_float/float_init_rom.c.obj
LOAD CMakeFiles/build-hex-files.dir/home/mgraham/sdmay24-33/emulator/pico-sdk/src/rp2_common/pico_float/float_math.c.obj
LOAD CMakeFiles/build-hex-files.dir/home/mgraham/sdmay24-33/emulator/pico-sdk/src/rp2_common/pico_float/float_v1_rom_shim.S.obj
LOAD CMakeFiles/build-hex-files.dir/home/mgraham/sdmay24-33/emulator/pico-sdk/src/rp2_common/pico_malloc/pico_malloc.c.obj
LOAD CMakeFiles/build-hex-files.dir/home/mgraham/sdmay24-33/emulator/pico-sdk/src/rp2_common/pico_mem_ops/mem_ops_aeabi.S.obj
LOAD CMakeFiles/build-hex-files.dir/home/mgraham/sdmay24-33/emulator/pico-sdk/src/rp2_common/pico_standard_link/crt0.S.obj
LOAD CMakeFiles/build-hex-files.dir/home/mgraham/sdmay24-33/emulator/pico-sdk/src/rp2_common/pico_standard_link/new_delete.cpp.obj
LOAD CMakeFiles/build-hex-files.dir/home/mgraham/sdmay24-33/emulator/pico-sdk/src/rp2_common/pico_standard_link/binary_info.c.obj
LOAD CMakeFiles/build-hex-files.dir/home/mgraham/sdmay24-33/emulator/pico-sdk/src/rp2_common/pico_stdio/stdio.c.obj
LOAD CMakeFiles/build-hex-files.dir/home/mgraham/sdmay24-33/emulator/pico-sdk/src/rp2_common/pico_stdio_uart/stdio_uart.c.obj
LOAD /tmp/ccKfBfrk.o
LOAD /usr/lib/gcc/arm-none-eabi/10.3.1/../../../arm-none-eabi/lib/thumb/v6-m/nofp/libstdc++.a
LOAD /usr/lib/gcc/arm-none-eabi/10.3.1/../../../arm-none-eabi/lib/thumb/v6-m/nofp/libm.a
START GROUP
LOAD /usr/lib/gcc/arm-none-eabi/10.3.1/thumb/v6-m/nofp/libgcc.a
LOAD /usr/lib/gcc/arm-none-eabi/10.3.1/../../../arm-none-eabi/lib/thumb/v6-m/nofp/libg.a
LOAD /usr/lib/gcc/arm-none-eabi/10.3.1/../../../arm-none-eabi/lib/thumb/v6-m/nofp/libc.a
END GROUP
START GROUP
LOAD /usr/lib/gcc/arm-none-eabi/10.3.1/thumb/v6-m/nofp/libgcc.a
LOAD /usr/lib/gcc/arm-none-eabi/10.3.1/../../../arm-none-eabi/lib/thumb/v6-m/nofp/libc.a
LOAD /usr/lib/gcc/arm-none-eabi/10.3.1/../../../arm-none-eabi/lib/thumb/v6-m/nofp/libnosys.a
END GROUP
LOAD /usr/lib/gcc/arm-none-eabi/10.3.1/thumb/v6-m/nofp/crtend.o
LOAD /usr/lib/gcc/arm-none-eabi/10.3.1/thumb/v6-m/nofp/crtn.o
OUTPUT(build-hex-files.elf elf32-littlearm)
LOAD linker stubs

.ARM.attributes
                0x0000000000000000       0x28
 .ARM.attributes
                0x0000000000000000       0x1e /usr/lib/gcc/arm-none-eabi/10.3.1/thumb/v6-m/nofp/crti.o
 .ARM.attributes
                0x000000000000001e       0x2c /usr/lib/gcc/arm-none-eabi/10.3.1/thumb/v6-m/nofp/crtbegin.o
 .ARM.attributes
                0x000000000000004a       0x2c CMakeFiles/build-hex-files.dir/build-hex-files.c.obj
 .ARM.attributes
                0x0000000000000076       0x2c CMakeFiles/build-hex-files.dir/home/mgraham/sdmay24-33/emulator/pico-sdk/src/rp2_common/pico_platform/platform.c.obj
 .ARM.attributes
                0x00000000000000a2       0x2c CMakeFiles/build-hex-files.dir/home/mgraham/sdmay24-33/emulator/pico-sdk/src/rp2_common/hardware_claim/claim.c.obj
 .ARM.attributes
                0x00000000000000ce       0x2c CMakeFiles/build-hex-files.dir/home/mgraham/sdmay24-33/emulator/pico-sdk/src/rp2_common/hardware_sync/sync.c.obj
 .ARM.attributes
                0x00000000000000fa       0x2c CMakeFiles/build-hex-files.dir/home/mgraham/sdmay24-33/emulator/pico-sdk/src/rp2_common/hardware_irq/irq.c.obj
 .ARM.attributes
                0x0000000000000126       0x22 CMakeFiles/build-hex-files.dir/home/mgraham/sdmay24-33/emulator/pico-sdk/src/rp2_common/hardware_irq/irq_handler_chain.S.obj
 .ARM.attributes
                0x0000000000000148       0x2c CMakeFiles/build-hex-files.dir/home/mgraham/sdmay24-33/emulator/pico-sdk/src/common/pico_sync/lock_core.c.obj
 .ARM.attributes
                0x0000000000000174       0x2c CMakeFiles/build-hex-files.dir/home/mgraham/sdmay24-33/emulator/pico-sdk/src/common/pico_sync/mutex.c.obj
 .ARM.attributes
                0x00000000000001a0       0x2c CMakeFiles/build-hex-files.dir/home/mgraham/sdmay24-33/emulator/pico-sdk/src/common/pico_time/time.c.obj
 .ARM.attributes
                0x00000000000001cc       0x2c CMakeFiles/build-hex-files.dir/home/mgraham/sdmay24-33/emulator/pico-sdk/src/rp2_common/hardware_timer/timer.c.obj
 .ARM.attributes
                0x00000000000001f8       0x2c CMakeFiles/build-hex-files.dir/home/mgraham/sdmay24-33/emulator/pico-sdk/src/common/pico_util/pheap.c.obj
 .ARM.attributes
                0x0000000000000224       0x2c CMakeFiles/build-hex-files.dir/home/mgraham/sdmay24-33/emulator/pico-sdk/src/rp2_common/hardware_clocks/clocks.c.obj
 .ARM.attributes
                0x0000000000000250       0x2c CMakeFiles/build-hex-files.dir/home/mgraham/sdmay24-33/emulator/pico-sdk/src/rp2_common/hardware_pll/pll.c.obj
 .ARM.attributes
                0x000000000000027c       0x2c CMakeFiles/build-hex-files.dir/home/mgraham/sdmay24-33/emulator/pico-sdk/src/rp2_common/hardware_watchdog/watchdog.c.obj
 .ARM.attributes
                0x00000000000002a8       0x2c CMakeFiles/build-hex-files.dir/home/mgraham/sdmay24-33/emulator/pico-sdk/src/rp2_common/hardware_xosc/xosc.c.obj
 .ARM.attributes
                0x00000000000002d4       0x2c CMakeFiles/build-hex-files.dir/home/mgraham/sdmay24-33/emulator/pico-sdk/src/rp2_common/pico_runtime/runtime.c.obj
 .ARM.attributes
                0x0000000000000300       0x2c CMakeFiles/build-hex-files.dir/home/mgraham/sdmay24-33/emulator/pico-sdk/src/rp2_common/pico_printf/printf.c.obj
 .ARM.attributes
                0x000000000000032c       0x22 CMakeFiles/build-hex-files.dir/home/mgraham/sdmay24-33/emulator/pico-sdk/src/rp2_common/pico_bit_ops/bit_ops_aeabi.S.obj
 .ARM.attributes
                0x000000000000034e       0x2c CMakeFiles/build-hex-files.dir/home/mgraham/sdmay24-33/emulator/pico-sdk/src/rp2_common/pico_bootrom/bootrom.c.obj
 .ARM.attributes
                0x000000000000037a       0x22 CMakeFiles/build-hex-files.dir/home/mgraham/sdmay24-33/emulator/pico-sdk/src/rp2_common/pico_divider/divider.S.obj
 .ARM.attributes
                0x000000000000039c       0x22 CMakeFiles/build-hex-files.dir/home/mgraham/sdmay24-33/emulator/pico-sdk/src/rp2_common/pico_double/double_aeabi.S.obj
 .ARM.attributes
                0x00000000000003be       0x2c CMakeFiles/build-hex-files.dir/home/mgraham/sdmay24-33/emulator/pico-sdk/src/rp2_common/pico_double/double_init_rom.c.obj
 .ARM.attributes
                0x00000000000003ea       0x22 CMakeFiles/build-hex-files.dir/home/mgraham/sdmay24-33/emulator/pico-sdk/src/rp2_common/pico_double/double_v1_rom_shim.S.obj
 .ARM.attributes
                0x000000000000040c       0x22 CMakeFiles/build-hex-files.dir/home/mgraham/sdmay24-33/emulator/pico-sdk/src/rp2_common/pico_float/float_aeabi.S.obj
 .ARM.attributes
                0x000000000000042e       0x2c CMakeFiles/build-hex-files.dir/home/mgraham/sdmay24-33/emulator/pico-sdk/src/rp2_common/pico_float/float_init_rom.c.obj
 .ARM.attributes
                0x000000000000045a       0x22 CMakeFiles/build-hex-files.dir/home/mgraham/sdmay24-33/emulator/pico-sdk/src/rp2_common/pico_float/float_v1_rom_shim.S.obj
 .ARM.attributes
                0x000000000000047c       0x22 CMakeFiles/build-hex-files.dir/home/mgraham/sdmay24-33/emulator/pico-sdk/src/rp2_common/pico_mem_ops/mem_ops_aeabi.S.obj
 .ARM.attributes
                0x000000000000049e       0x22 CMakeFiles/build-hex-files.dir/home/mgraham/sdmay24-33/emulator/pico-sdk/src/rp2_common/pico_standard_link/crt0.S.obj
 .ARM.attributes
                0x00000000000004c0       0x32 CMakeFiles/build-hex-files.dir/home/mgraham/sdmay24-33/emulator/pico-sdk/src/rp2_common/pico_standard_link/binary_info.c.obj
 .ARM.attributes
                0x00000000000004f2       0x2c CMakeFiles/build-hex-files.dir/home/mgraham/sdmay24-33/emulator/pico-sdk/src/rp2_common/pico_stdio/stdio.c.obj
 .ARM.attributes
                0x000000000000051e       0x22 /tmp/ccKfBfrk.o
 .ARM.attributes
                0x0000000000000540       0x1e /usr/lib/gcc/arm-none-eabi/10.3.1/thumb/v6-m/nofp/libgcc.a(_dvmd_tls.o)
 .ARM.attributes
                0x000000000000055e       0x2c /usr/lib/gcc/arm-none-eabi/10.3.1/../../../arm-none-eabi/lib/thumb/v6-m/nofp/libg.a(lib_a-strlen-stub.o)
 .ARM.attributes
                0x000000000000058a       0x2c /usr/lib/gcc/arm-none-eabi/10.3.1/thumb/v6-m/nofp/crtend.o

.comment        0x0000000000000000       0x33
 .comment       0x0000000000000000       0x33 /usr/lib/gcc/arm-none-eabi/10.3.1/thumb/v6-m/nofp/crtbegin.o
                                         0x34 (size before relaxing)
 .comment       0x0000000000000033       0x34 CMakeFiles/build-hex-files.dir/build-hex-files.c.obj
 .comment       0x0000000000000033       0x34 CMakeFiles/build-hex-files.dir/home/mgraham/sdmay24-33/emulator/pico-sdk/src/rp2_common/pico_platform/platform.c.obj
 .comment       0x0000000000000033       0x34 CMakeFiles/build-hex-files.dir/home/mgraham/sdmay24-33/emulator/pico-sdk/src/rp2_common/hardware_claim/claim.c.obj
 .comment       0x0000000000000033       0x34 CMakeFiles/build-hex-files.dir/home/mgraham/sdmay24-33/emulator/pico-sdk/src/rp2_common/hardware_sync/sync.c.obj
 .comment       0x0000000000000033       0x34 CMakeFiles/build-hex-files.dir/home/mgraham/sdmay24-33/emulator/pico-sdk/src/rp2_common/hardware_irq/irq.c.obj
 .comment       0x0000000000000033       0x34 CMakeFiles/build-hex-files.dir/home/mgraham/sdmay24-33/emulator/pico-sdk/src/common/pico_sync/lock_core.c.obj
 .comment       0x0000000000000033       0x34 CMakeFiles/build-hex-files.dir/home/mgraham/sdmay24-33/emulator/pico-sdk/src/common/pico_sync/mutex.c.obj
 .comment       0x0000000000000033       0x34 CMakeFiles/build-hex-files.dir/home/mgraham/sdmay24-33/emulator/pico-sdk/src/common/pico_time/time.c.obj
 .comment       0x0000000000000033       0x34 CMakeFiles/build-hex-files.dir/home/mgraham/sdmay24-33/emulator/pico-sdk/src/rp2_common/hardware_timer/timer.c.obj
 .comment       0x0000000000000033       0x34 CMakeFiles/build-hex-files.dir/home/mgraham/sdmay24-33/emulator/pico-sdk/src/common/pico_util/pheap.c.obj
 .comment       0x0000000000000033       0x34 CMakeFiles/build-hex-files.dir/home/mgraham/sdmay24-33/emulator/pico-sdk/src/rp2_common/hardware_clocks/clocks.c.obj
 .comment       0x0000000000000033       0x34 CMakeFiles/build-hex-files.dir/home/mgraham/sdmay24-33/emulator/pico-sdk/src/rp2_common/hardware_pll/pll.c.obj
 .comment       0x0000000000000033       0x34 CMakeFiles/build-hex-files.dir/home/mgraham/sdmay24-33/emulator/pico-sdk/src/rp2_common/hardware_watchdog/watchdog.c.obj
 .comment       0x0000000000000033       0x34 CMakeFiles/build-hex-files.dir/home/mgraham/sdmay24-33/emulator/pico-sdk/src/rp2_common/hardware_xosc/xosc.c.obj
 .comment       0x0000000000000033       0x34 CMakeFiles/build-hex-files.dir/home/mgraham/sdmay24-33/emulator/pico-sdk/src/rp2_common/pico_runtime/runtime.c.obj
 .comment       0x0000000000000033       0x34 CMakeFiles/build-hex-files.dir/home/mgraham/sdmay24-33/emulator/pico-sdk/src/rp2_common/pico_printf/printf.c.obj
 .comment       0x0000000000000033       0x34 CMakeFiles/build-hex-files.dir/home/mgraham/sdmay24-33/emulator/pico-sdk/src/rp2_common/pico_bootrom/bootrom.c.obj
 .comment       0x0000000000000033       0x34 CMakeFiles/build-hex-files.dir/home/mgraham/sdmay24-33/emulator/pico-sdk/src/rp2_common/pico_double/double_init_rom.c.obj
 .comment       0x0000000000000033       0x34 CMakeFiles/build-hex-files.dir/home/mgraham/sdmay24-33/emulator/pico-sdk/src/rp2_common/pico_float/float_init_rom.c.obj
 .comment       0x0000000000000033       0x34 CMakeFiles/build-hex-files.dir/home/mgraham/sdmay24-33/emulator/pico-sdk/src/rp2_common/pico_standard_link/binary_info.c.obj
 .comment       0x0000000000000033       0x34 CMakeFiles/build-hex-files.dir/home/mgraham/sdmay24-33/emulator/pico-sdk/src/rp2_common/pico_stdio/stdio.c.obj
 .comment       0x0000000000000033       0x34 /usr/lib/gcc/arm-none-eabi/10.3.1/../../../arm-none-eabi/lib/thumb/v6-m/nofp/libg.a(lib_a-strlen-stub.o)
 .comment       0x0000000000000033       0x34 /usr/lib/gcc/arm-none-eabi/10.3.1/thumb/v6-m/nofp/crtend.o

.debug_info     0x0000000000000000    0x11dd4
 .debug_info    0x0000000000000000       0x97 CMakeFiles/build-hex-files.dir/build-hex-files.c.obj
 .debug_info    0x0000000000000097      0x1cb CMakeFiles/build-hex-files.dir/home/mgraham/sdmay24-33/emulator/pico-sdk/src/rp2_common/pico_platform/platform.c.obj
 .debug_info    0x0000000000000262      0x6a6 CMakeFiles/build-hex-files.dir/home/mgraham/sdmay24-33/emulator/pico-sdk/src/rp2_common/hardware_claim/claim.c.obj
 .debug_info    0x0000000000000908      0x576 CMakeFiles/build-hex-files.dir/home/mgraham/sdmay24-33/emulator/pico-sdk/src/rp2_common/hardware_sync/sync.c.obj
 .debug_info    0x0000000000000e7e     0x1c56 CMakeFiles/build-hex-files.dir/home/mgraham/sdmay24-33/emulator/pico-sdk/src/rp2_common/hardware_irq/irq.c.obj
 .debug_info    0x0000000000002ad4      0x198 CMakeFiles/build-hex-files.dir/home/mgraham/sdmay24-33/emulator/pico-sdk/src/common/pico_sync/lock_core.c.obj
 .debug_info    0x0000000000002c6c     0x2099 CMakeFiles/build-hex-files.dir/home/mgraham/sdmay24-33/emulator/pico-sdk/src/common/pico_sync/mutex.c.obj
 .debug_info    0x0000000000004d05     0x402c CMakeFiles/build-hex-files.dir/home/mgraham/sdmay24-33/emulator/pico-sdk/src/common/pico_time/time.c.obj
 .debug_info    0x0000000000008d31     0x13b4 CMakeFiles/build-hex-files.dir/home/mgraham/sdmay24-33/emulator/pico-sdk/src/rp2_common/hardware_timer/timer.c.obj
 .debug_info    0x000000000000a0e5     0x123b CMakeFiles/build-hex-files.dir/home/mgraham/sdmay24-33/emulator/pico-sdk/src/common/pico_util/pheap.c.obj
 .debug_info    0x000000000000b320      0xf9f CMakeFiles/build-hex-files.dir/home/mgraham/sdmay24-33/emulator/pico-sdk/src/rp2_common/hardware_clocks/clocks.c.obj
 .debug_info    0x000000000000c2bf      0x503 CMakeFiles/build-hex-files.dir/home/mgraham/sdmay24-33/emulator/pico-sdk/src/rp2_common/hardware_pll/pll.c.obj
 .debug_info    0x000000000000c7c2      0x4ee CMakeFiles/build-hex-files.dir/home/mgraham/sdmay24-33/emulator/pico-sdk/src/rp2_common/hardware_watchdog/watchdog.c.obj
 .debug_info    0x000000000000ccb0      0x1c0 CMakeFiles/build-hex-files.dir/home/mgraham/sdmay24-33/emulator/pico-sdk/src/rp2_common/hardware_xosc/xosc.c.obj
 .debug_info    0x000000000000ce70     0x1053 CMakeFiles/build-hex-files.dir/home/mgraham/sdmay24-33/emulator/pico-sdk/src/rp2_common/pico_runtime/runtime.c.obj
 .debug_info    0x000000000000dec3     0x1a47 CMakeFiles/build-hex-files.dir/home/mgraham/sdmay24-33/emulator/pico-sdk/src/rp2_common/pico_printf/printf.c.obj
 .debug_info    0x000000000000f90a       0x22 CMakeFiles/build-hex-files.dir/home/mgraham/sdmay24-33/emulator/pico-sdk/src/rp2_common/pico_bit_ops/bit_ops_aeabi.S.obj
 .debug_info    0x000000000000f92c      0x258 CMakeFiles/build-hex-files.dir/home/mgraham/sdmay24-33/emulator/pico-sdk/src/rp2_common/pico_bootrom/bootrom.c.obj
 .debug_info    0x000000000000fb84       0x22 CMakeFiles/build-hex-files.dir/home/mgraham/sdmay24-33/emulator/pico-sdk/src/rp2_common/pico_divider/divider.S.obj
 .debug_info    0x000000000000fba6       0x22 CMakeFiles/build-hex-files.dir/home/mgraham/sdmay24-33/emulator/pico-sdk/src/rp2_common/pico_double/double_aeabi.S.obj
 .debug_info    0x000000000000fbc8      0x2a1 CMakeFiles/build-hex-files.dir/home/mgraham/sdmay24-33/emulator/pico-sdk/src/rp2_common/pico_double/double_init_rom.c.obj
 .debug_info    0x000000000000fe69       0x22 CMakeFiles/build-hex-files.dir/home/mgraham/sdmay24-33/emulator/pico-sdk/src/rp2_common/pico_double/double_v1_rom_shim.S.obj
 .debug_info    0x000000000000fe8b       0x22 CMakeFiles/build-hex-files.dir/home/mgraham/sdmay24-33/emulator/pico-sdk/src/rp2_common/pico_float/float_aeabi.S.obj
 .debug_info    0x000000000000fead      0x2bb CMakeFiles/build-hex-files.dir/home/mgraham/sdmay24-33/emulator/pico-sdk/src/rp2_common/pico_float/float_init_rom.c.obj
 .debug_info    0x0000000000010168       0x22 CMakeFiles/build-hex-files.dir/home/mgraham/sdmay24-33/emulator/pico-sdk/src/rp2_common/pico_float/float_v1_rom_shim.S.obj
 .debug_info    0x000000000001018a       0x22 CMakeFiles/build-hex-files.dir/home/mgraham/sdmay24-33/emulator/pico-sdk/src/rp2_common/pico_mem_ops/mem_ops_aeabi.S.obj
 .debug_info    0x00000000000101ac       0x22 CMakeFiles/build-hex-files.dir/home/mgraham/sdmay24-33/emulator/pico-sdk/src/rp2_common/pico_standard_link/crt0.S.obj
 .debug_info    0x00000000000101ce      0x2cb CMakeFiles/build-hex-files.dir/home/mgraham/sdmay24-33/emulator/pico-sdk/src/rp2_common/pico_standard_link/binary_info.c.obj
 .debug_info    0x0000000000010499     0x1827 CMakeFiles/build-hex-files.dir/home/mgraham/sdmay24-33/emulator/pico-sdk/src/rp2_common/pico_stdio/stdio.c.obj
 .debug_info    0x0000000000011cc0       0x26 /usr/lib/gcc/arm-none-eabi/10.3.1/thumb/v6-m/nofp/libgcc.a(_dvmd_tls.o)
 .debug_info    0x0000000000011ce6       0xee /usr/lib/gcc/arm-none-eabi/10.3.1/../../../arm-none-eabi/lib/thumb/v6-m/nofp/libg.a(lib_a-strlen-stub.o)

.debug_abbrev   0x0000000000000000     0x36fd
 .debug_abbrev  0x0000000000000000       0x44 CMakeFiles/build-hex-files.dir/build-hex-files.c.obj
 .debug_abbrev  0x0000000000000044       0xeb CMakeFiles/build-hex-files.dir/home/mgraham/sdmay24-33/emulator/pico-sdk/src/rp2_common/pico_platform/platform.c.obj
 .debug_abbrev  0x000000000000012f      0x2e9 CMakeFiles/build-hex-files.dir/home/mgraham/sdmay24-33/emulator/pico-sdk/src/rp2_common/hardware_claim/claim.c.obj
 .debug_abbrev  0x0000000000000418      0x21b CMakeFiles/build-hex-files.dir/home/mgraham/sdmay24-33/emulator/pico-sdk/src/rp2_common/hardware_sync/sync.c.obj
 .debug_abbrev  0x0000000000000633      0x4e7 CMakeFiles/build-hex-files.dir/home/mgraham/sdmay24-33/emulator/pico-sdk/src/rp2_common/hardware_irq/irq.c.obj
 .debug_abbrev  0x0000000000000b1a      0x116 CMakeFiles/build-hex-files.dir/home/mgraham/sdmay24-33/emulator/pico-sdk/src/common/pico_sync/lock_core.c.obj
 .debug_abbrev  0x0000000000000c30      0x397 CMakeFiles/build-hex-files.dir/home/mgraham/sdmay24-33/emulator/pico-sdk/src/common/pico_sync/mutex.c.obj
 .debug_abbrev  0x0000000000000fc7      0x571 CMakeFiles/build-hex-files.dir/home/mgraham/sdmay24-33/emulator/pico-sdk/src/common/pico_time/time.c.obj
 .debug_abbrev  0x0000000000001538      0x3b8 CMakeFiles/build-hex-files.dir/home/mgraham/sdmay24-33/emulator/pico-sdk/src/rp2_common/hardware_timer/timer.c.obj
 .debug_abbrev  0x00000000000018f0      0x297 CMakeFiles/build-hex-files.dir/home/mgraham/sdmay24-33/emulator/pico-sdk/src/common/pico_util/pheap.c.obj
 .debug_abbrev  0x0000000000001b87      0x3c7 CMakeFiles/build-hex-files.dir/home/mgraham/sdmay24-33/emulator/pico-sdk/src/rp2_common/hardware_clocks/clocks.c.obj
 .debug_abbrev  0x0000000000001f4e      0x1ea CMakeFiles/build-hex-files.dir/home/mgraham/sdmay24-33/emulator/pico-sdk/src/rp2_common/hardware_pll/pll.c.obj
 .debug_abbrev  0x0000000000002138      0x1a8 CMakeFiles/build-hex-files.dir/home/mgraham/sdmay24-33/emulator/pico-sdk/src/rp2_common/hardware_watchdog/watchdog.c.obj
 .debug_abbrev  0x00000000000022e0      0x109 CMakeFiles/build-hex-files.dir/home/mgraham/sdmay24-33/emulator/pico-sdk/src/rp2_common/hardware_xosc/xosc.c.obj
 .debug_abbrev  0x00000000000023e9      0x4cb CMakeFiles/build-hex-files.dir/home/mgraham/sdmay24-33/emulator/pico-sdk/src/rp2_common/pico_runtime/runtime.c.obj
 .debug_abbrev  0x00000000000028b4      0x384 CMakeFiles/build-hex-files.dir/home/mgraham/sdmay24-33/emulator/pico-sdk/src/rp2_common/pico_printf/printf.c.obj
 .debug_abbrev  0x0000000000002c38       0x12 CMakeFiles/build-hex-files.dir/home/mgraham/sdmay24-33/emulator/pico-sdk/src/rp2_common/pico_bit_ops/bit_ops_aeabi.S.obj
 .debug_abbrev  0x0000000000002c4a      0x13b CMakeFiles/build-hex-files.dir/home/mgraham/sdmay24-33/emulator/pico-sdk/src/rp2_common/pico_bootrom/bootrom.c.obj
 .debug_abbrev  0x0000000000002d85       0x12 CMakeFiles/build-hex-files.dir/home/mgraham/sdmay24-33/emulator/pico-sdk/src/rp2_common/pico_divider/divider.S.obj
 .debug_abbrev  0x0000000000002d97       0x12 CMakeFiles/build-hex-files.dir/home/mgraham/sdmay24-33/emulator/pico-sdk/src/rp2_common/pico_double/double_aeabi.S.obj
 .debug_abbrev  0x0000000000002da9      0x179 CMakeFiles/build-hex-files.dir/home/mgraham/sdmay24-33/emulator/pico-sdk/src/rp2_common/pico_double/double_init_rom.c.obj
 .debug_abbrev  0x0000000000002f22       0x12 CMakeFiles/build-hex-files.dir/home/mgraham/sdmay24-33/emulator/pico-sdk/src/rp2_common/pico_double/double_v1_rom_shim.S.obj
 .debug_abbrev  0x0000000000002f34       0x12 CMakeFiles/build-hex-files.dir/home/mgraham/sdmay24-33/emulator/pico-sdk/src/rp2_common/pico_float/float_aeabi.S.obj
 .debug_abbrev  0x0000000000002f46      0x18c CMakeFiles/build-hex-files.dir/home/mgraham/sdmay24-33/emulator/pico-sdk/src/rp2_common/pico_float/float_init_rom.c.obj
 .debug_abbrev  0x00000000000030d2       0x12 CMakeFiles/build-hex-files.dir/home/mgraham/sdmay24-33/emulator/pico-sdk/src/rp2_common/pico_float/float_v1_rom_shim.S.obj
 .debug_abbrev  0x00000000000030e4       0x12 CMakeFiles/build-hex-files.dir/home/mgraham/sdmay24-33/emulator/pico-sdk/src/rp2_common/pico_mem_ops/mem_ops_aeabi.S.obj
 .debug_abbrev  0x00000000000030f6       0x12 CMakeFiles/build-hex-files.dir/home/mgraham/sdmay24-33/emulator/pico-sdk/src/rp2_common/pico_standard_link/crt0.S.obj
 .debug_abbrev  0x0000000000003108       0xad CMakeFiles/build-hex-files.dir/home/mgraham/sdmay24-33/emulator/pico-sdk/src/rp2_common/pico_standard_link/binary_info.c.obj
 .debug_abbrev  0x00000000000031b5      0x4a5 CMakeFiles/build-hex-files.dir/home/mgraham/sdmay24-33/emulator/pico-sdk/src/rp2_common/pico_stdio/stdio.c.obj
 .debug_abbrev  0x000000000000365a       0x14 /usr/lib/gcc/arm-none-eabi/10.3.1/thumb/v6-m/nofp/libgcc.a(_dvmd_tls.o)
 .debug_abbrev  0x000000000000366e       0x8f /usr/lib/gcc/arm-none-eabi/10.3.1/../../../arm-none-eabi/lib/thumb/v6-m/nofp/libg.a(lib_a-strlen-stub.o)

.debug_aranges  0x0000000000000000      0xcd8
 .debug_aranges
                0x0000000000000000       0x20 CMakeFiles/build-hex-files.dir/build-hex-files.c.obj
 .debug_aranges
                0x0000000000000020       0x28 CMakeFiles/build-hex-files.dir/home/mgraham/sdmay24-33/emulator/pico-sdk/src/rp2_common/pico_platform/platform.c.obj
 .debug_aranges
                0x0000000000000048       0x48 CMakeFiles/build-hex-files.dir/home/mgraham/sdmay24-33/emulator/pico-sdk/src/rp2_common/hardware_claim/claim.c.obj
 .debug_aranges
                0x0000000000000090       0x58 CMakeFiles/build-hex-files.dir/home/mgraham/sdmay24-33/emulator/pico-sdk/src/rp2_common/hardware_sync/sync.c.obj
 .debug_aranges
                0x00000000000000e8       0xc8 CMakeFiles/build-hex-files.dir/home/mgraham/sdmay24-33/emulator/pico-sdk/src/rp2_common/hardware_irq/irq.c.obj
 .debug_aranges
                0x00000000000001b0       0x20 CMakeFiles/build-hex-files.dir/home/mgraham/sdmay24-33/emulator/pico-sdk/src/common/pico_sync/lock_core.c.obj
 .debug_aranges
                0x00000000000001d0       0x90 CMakeFiles/build-hex-files.dir/home/mgraham/sdmay24-33/emulator/pico-sdk/src/common/pico_sync/mutex.c.obj
 .debug_aranges
                0x0000000000000260       0xe8 CMakeFiles/build-hex-files.dir/home/mgraham/sdmay24-33/emulator/pico-sdk/src/common/pico_time/time.c.obj
 .debug_aranges
                0x0000000000000348       0x88 CMakeFiles/build-hex-files.dir/home/mgraham/sdmay24-33/emulator/pico-sdk/src/rp2_common/hardware_timer/timer.c.obj
 .debug_aranges
                0x00000000000003d0       0x78 CMakeFiles/build-hex-files.dir/home/mgraham/sdmay24-33/emulator/pico-sdk/src/common/pico_util/pheap.c.obj
 .debug_aranges
                0x0000000000000448       0x70 CMakeFiles/build-hex-files.dir/home/mgraham/sdmay24-33/emulator/pico-sdk/src/rp2_common/hardware_clocks/clocks.c.obj
 .debug_aranges
                0x00000000000004b8       0x28 CMakeFiles/build-hex-files.dir/home/mgraham/sdmay24-33/emulator/pico-sdk/src/rp2_common/hardware_pll/pll.c.obj
 .debug_aranges
                0x00000000000004e0       0x58 CMakeFiles/build-hex-files.dir/home/mgraham/sdmay24-33/emulator/pico-sdk/src/rp2_common/hardware_watchdog/watchdog.c.obj
 .debug_aranges
                0x0000000000000538       0x30 CMakeFiles/build-hex-files.dir/home/mgraham/sdmay24-33/emulator/pico-sdk/src/rp2_common/hardware_xosc/xosc.c.obj
 .debug_aranges
                0x0000000000000568       0x88 CMakeFiles/build-hex-files.dir/home/mgraham/sdmay24-33/emulator/pico-sdk/src/rp2_common/pico_runtime/runtime.c.obj
 .debug_aranges
                0x00000000000005f0       0x90 CMakeFiles/build-hex-files.dir/home/mgraham/sdmay24-33/emulator/pico-sdk/src/rp2_common/pico_printf/printf.c.obj
 .debug_aranges
                0x0000000000000680       0x68 CMakeFiles/build-hex-files.dir/home/mgraham/sdmay24-33/emulator/pico-sdk/src/rp2_common/pico_bit_ops/bit_ops_aeabi.S.obj
 .debug_aranges
                0x00000000000006e8       0x30 CMakeFiles/build-hex-files.dir/home/mgraham/sdmay24-33/emulator/pico-sdk/src/rp2_common/pico_bootrom/bootrom.c.obj
 .debug_aranges
                0x0000000000000718       0x40 CMakeFiles/build-hex-files.dir/home/mgraham/sdmay24-33/emulator/pico-sdk/src/rp2_common/pico_divider/divider.S.obj
 .debug_aranges
                0x0000000000000758      0x140 CMakeFiles/build-hex-files.dir/home/mgraham/sdmay24-33/emulator/pico-sdk/src/rp2_common/pico_double/double_aeabi.S.obj
 .debug_aranges
                0x0000000000000898       0x20 CMakeFiles/build-hex-files.dir/home/mgraham/sdmay24-33/emulator/pico-sdk/src/rp2_common/pico_double/double_init_rom.c.obj
 .debug_aranges
                0x00000000000008b8       0xc8 CMakeFiles/build-hex-files.dir/home/mgraham/sdmay24-33/emulator/pico-sdk/src/rp2_common/pico_double/double_v1_rom_shim.S.obj
 .debug_aranges
                0x0000000000000980      0x130 CMakeFiles/build-hex-files.dir/home/mgraham/sdmay24-33/emulator/pico-sdk/src/rp2_common/pico_float/float_aeabi.S.obj
 .debug_aranges
                0x0000000000000ab0       0x20 CMakeFiles/build-hex-files.dir/home/mgraham/sdmay24-33/emulator/pico-sdk/src/rp2_common/pico_float/float_init_rom.c.obj
 .debug_aranges